ASxxxx Linker V03.00 + NoICE + sdld,  page 1.
Hexadecimal  [32-Bits]

Area                       Addr        Size        Decimal Bytes (Attributes)
--------------------       ----        ----        ------- ----- ------------
.  .ABS.               00000000    00000000 =           0. bytes (ABS,CON)

        Value  Global            Value  Global            Value  Global    
        -----  ------            -----  ------            -----  ------    
     00000000  .__.ABS.  |    00000000  _rRAMG    |    00000000  l__BASE  
     00000000  l__BSS    |    00000000  l__CABS   |    00000000  l__CODE_0
     00000000  l__DABS   |    00000000  l__HEADER |    00000000  l__HEAP  
     00000000  l__HRAM   |    00000000  l__LIT    |    00000000  s__CABS  
     00000000  s__DABS   |    00000000  s__HEADER |    00000000  s__HEADER
     00000000  s__HEADER |    00000000  s__HEADER |    00000000  s__HEADER
     00000000  s__HEADER |    00000000  s__HEADER |    00000000  s__HEADER
     00000000  s__HEADER |    00000000  s__HEADER |    00000000  s__HEADER
     00000000  s__HEADER |    00000000  s__HEADER |    00000000  s__HEADER
     00000000  s__HEADER |    00000000  s__HEADER |    00000000  s__HEADER
     00000000  s__HEADER |    00000000  s__HEADER |    00000000  s__HRAM  
     00000000  s__HRAM12 |    00000001  l__GSFINA |    00000001  l__HEADER
     00000001  l__HEADER |    00000001  l__HEADER |    00000001  l__HEADER
     00000001  l__HEADER |    00000001  l__HEADER |    00000001  l__HEADER
     00000002  l__HEADER |    00000002  l__HEADER |    00000002  l__HEADER
     00000003  l__HEADER |    00000003  l__HRAM12 |    00000005  l__HEADER
     00000006  l__HEADER |    00000007  l__HEADER |    00000008  l__HEADER
     0000000C  l__GSINIT |    00000030  l__HEADER |    0000004A  l__DATA  
     0000004A  l__INITIA |    0000004A  l__INITIA |    0000004E  l__HEADER
     00000082  l__HEADER |    00000200  s__CODE   |    000002C1  l__HOME  
     00000DF0  l__CODE   |    00000FF0  s__HOME   |    000012B1  s__BASE  
     000012B1  s__CODE_0 |    000012B1  s__INITIA |    000012B1  s__LIT   
     000012FB  s__GSINIT |    00001307  s__GSFINA |    00002000  _rROMB0  
     00003000  _rROMB1   |    00004000  _rRAMB    |    00008000  __VRAM   
     00008000  __VRAM800 |    00008800  __VRAM880 |    00009000  __VRAM900
     00009800  __SCRN0   |    00009C00  __SCRN1   |    0000A000  __SRAM   
     0000C000  __RAM     |    0000C000  _shadow_O |    0000C0A0  s__DATA  
     0000C0EA  s__BSS    |    0000C0EA  s__INITIA |    0000C134  s__HEAP  
     0000D000  __RAMBANK |    0000E000  .STACK    |    0000FE00  __OAMRAM 
     0000FF00  _P1_REG   |    0000FF00  __IO      |    0000FF01  _SB_REG  
     0000FF02  _SC_REG   |    0000FF04  _DIV_REG  |    0000FF05  _TIMA_REG
     0000FF06  _TMA_REG  |    0000FF07  _TAC_REG  |    0000FF0F  _IF_REG  
     0000FF10  _NR10_REG |    0000FF11  _NR11_REG |    0000FF12  _NR12_REG
     0000FF13  _NR13_REG |    0000FF14  _NR14_REG |    0000FF16  _NR21_REG
     0000FF17  _NR22_REG |    0000FF18  _NR23_REG |    0000FF19  _NR24_REG
     0000FF1A  _NR30_REG |    0000FF1B  _NR31_REG |    0000FF1C  _NR32_REG
     0000FF1D  _NR33_REG |    0000FF1E  _NR34_REG |    0000FF20  _NR41_REG
     0000FF21  _NR42_REG |    0000FF22  _NR43_REG |    0000FF23  _NR44_REG
     0000FF24  _NR50_REG |    0000FF25  _NR51_REG |    0000FF26  _NR52_REG
     0000FF30  _AUD3WAVE |    0000FF30  _PCM_SAMP |    0000FF30  __AUD3WAV
     0000FF40  _LCDC_REG |    0000FF41  _STAT_REG |    0000FF42  _SCY_REG 
     0000FF43  _SCX_REG  |    0000FF44  _LY_REG   |    0000FF45  _LYC_REG 
     0000FF46  _DMA_REG  |    0000FF47  _BGP_REG  |    0000FF48  _OBP0_REG
     0000FF49  _OBP1_REG |    0000FF4A  _WY_REG   |    0000FF4B  _WX_REG  
     0000FF4D  _KEY1_REG |    0000FF4F  _VBK_REG  |    0000FF51  _HDMA1_RE
     0000FF52  _HDMA2_RE |    0000FF53  _HDMA3_RE |    0000FF54  _HDMA4_RE
     0000FF55  _HDMA5_RE |    0000FF56  _RP_REG   |    0000FF68  _BCPS_REG
     0000FF69  _BCPD_REG |    0000FF6A  _OCPS_REG |    0000FF6B  _OCPD_REG
     0000FF70  _SVBK_REG |    0000FF76  _PCM12_RE |    0000FF77  _PCM34_RE
     0000FF80  .refresh_ |    0000FF80  __HRAM    |    0000FFFF  _IE_REG  
ASxxxx Linker V03.00 + NoICE + sdld,  page 2.
Hexadecimal  [32-Bits]

Area                       Addr        Size        Decimal Bytes (Attributes)
--------------------       ----        ----        ------- ----- ------------
_CODE                  00000200    00000DF0 =        3568. bytes (REL,CON)

        Value  Global            Value  Global            Value  Global    
        -----  ------            -----  ------            -----  ------    
     00000200  A$Clean_U |    00000200  C$Clean_U |    00000200  C$Clean_U
     00000200  G$main$0$ |    00000200  _main     |    00000203  A$Clean_U
     00000203  C$Clean_U |    00000206  A$Clean_U |    00000206  C$Clean_U
     00000209  A$Clean_U |    00000209  C$Clean_U |    00000209  XG$main$0
     0000020A  A$Clean_U |    0000020A  C$Clean_U |    0000020A  C$Clean_U
     0000020A  C$Clean_U |    0000020A  G$init_ga |    0000020A  XG$init_g
     0000020A  _init_gam |    0000020D  A$Clean_U |    0000020D  C$Clean_U
     0000020D  C$Clean_U |    0000020D  C$Clean_U |    0000020D  G$game_lo
     0000020D  _game_loo |    00000210  A$Clean_U |    00000210  C$Clean_U
     00000210  XG$game_l |    00000212  A$Clean_U |    00000212  C$Clean_U
     00000212  C$Clean_U |    00000212  G$update$ |    00000212  XG$update
     00000212  _update   |    00000213  A$Clean_U |    00000213  C$Clean_U
     00000213  C$Clean_U |    00000213  C$Clean_U |    00000213  G$input$0
     00000213  XG$input$ |    00000213  _input    |    00000216  A$Map_Eng
     00000216  C$Map_Eng |    00000216  C$Map_Eng |    00000216  G$map_set
     00000216  _map_setu |    00000218  A$Map_Eng |    00000219  A$Map_Eng
     0000021A  A$Map_Eng |    0000021B  A$Map_Eng |    0000021C  A$Map_Eng
     0000021F  A$Map_Eng |    00000220  A$Map_Eng |    00000223  A$Map_Eng
     00000225  A$Map_Eng |    00000225  C$Map_Eng |    00000227  A$Map_Eng
     00000229  A$Map_Eng |    0000022B  A$Map_Eng |    0000022B  C$Map_Eng
     0000022D  A$Map_Eng |    0000022F  A$Map_Eng |    00000231  A$Map_Eng
     00000231  C$Map_Eng |    00000231  XG$map_se |    00000232  A$Map_Eng
     00000232  C$Map_Eng |    00000232  G$scroll_ |    00000232  _scroll_m
     00000234  A$Map_Eng |    00000235  A$Map_Eng |    00000236  A$Map_Eng
     00000237  A$Map_Eng |    00000239  A$Map_Eng |    0000023A  A$Map_Eng
     0000023C  A$Map_Eng |    0000023E  A$Map_Eng |    0000023F  A$Map_Eng
     00000241  A$Map_Eng |    00000241  C$Map_Eng |    00000244  A$Map_Eng
     00000245  A$Map_Eng |    00000248  A$Map_Eng |    00000249  A$Map_Eng
     00000249  C$Map_Eng |    00000249  XG$scroll |    0000024A  A$Sound$5
     0000024A  C$Sound.c |    0000024A  C$Sound.c |    0000024A  G$sound_s
     0000024A  _sound_se |    0000024C  A$Sound$5 |    0000024E  A$Sound$6
     0000024E  C$Sound.c |    00000250  A$Sound$6 |    00000252  A$Sound$6
     00000252  C$Sound.c |    00000254  A$Sound$6 |    00000256  A$Sound$7
     00000256  C$Sound.c |    00000256  XG$sound_ |    00000257  A$Sound$8
     00000257  C$Sound.c |    00000257  C$Sound.c |    00000257  G$play_so
     00000257  _play_sou |    00000259  A$Sound$8 |    0000025A  A$Sound$9
     0000025B  A$Sound$9 |    0000025C  A$Sound$9 |    0000025D  A$Sound$9
     0000025F  A$Sound$9 |    0000025F  C$Sound.c |    00000260  A$Sound$9
     00000261  A$Sound$9 |    00000262  A$Sound$1 |    00000263  A$Sound$1
     00000265  A$Sound$1 |    00000265  C$Sound.c |    00000266  A$Sound$1
     00000267  A$Sound$1 |    00000268  A$Sound$1 |    00000269  A$Sound$1
     0000026A  A$Sound$1 |    0000026C  A$Sound$1 |    0000026C  C$Sound.c
     0000026D  A$Sound$1 |    0000026E  A$Sound$1 |    0000026F  A$Sound$1
     00000270  A$Sound$1 |    00000271  A$Sound$1 |    00000272  A$Sound$1
     00000274  A$Sound$1 |    00000274  C$Sound.c |    00000275  A$Sound$1
     00000276  A$Sound$1 |    00000277  A$Sound$1 |    00000278  A$Sound$1
     00000279  A$Sound$1 |    0000027B  A$Sound$1 |    0000027B  C$Sound.c
     0000027B  XG$play_s |    0000027C  A$Sprite_ |    0000027C  C$Sprite_
     0000027C  C$Sprite_ |    0000027C  G$init_sp |    0000027C  _init_spr
     0000027E  A$Sprite_ |    0000027F  A$Sprite_ |    00000280  A$Sprite_
ASxxxx Linker V03.00 + NoICE + sdld,  page 3.
Hexadecimal  [32-Bits]

Area                       Addr        Size        Decimal Bytes (Attributes)
--------------------       ----        ----        ------- ----- ------------
_CODE                  00000200    00000DF0 =        3568. bytes (REL,CON)

        Value  Global            Value  Global            Value  Global    
        -----  ------            -----  ------            -----  ------    
     00000281  A$Sprite_ |    00000282  A$Sprite_ |    00000282  C$Sprite_
     00000283  A$Sprite_ |    00000284  A$Sprite_ |    00000285  A$Sprite_
     00000286  A$Sprite_ |    00000287  A$Sprite_ |    00000287  C$Sprite_
     00000288  A$Sprite_ |    00000289  A$Sprite_ |    0000028A  A$Sprite_
     0000028B  A$Sprite_ |    0000028C  A$Sprite_ |    0000028D  A$Sprite_
     0000028D  C$Sprite_ |    0000028D  XG$init_s |    0000028E  A$Sprite_
     0000028E  C$Sprite_ |    0000028E  C$Sprite_ |    0000028E  G$init_sp
     0000028E  _init_spr |    00000290  A$Sprite_ |    00000291  A$Sprite_
     00000292  A$Sprite_ |    00000293  A$Sprite_ |    00000294  A$Sprite_
     00000294  C$Sprite_ |    00000295  A$Sprite_ |    00000296  A$Sprite_
     00000297  A$Sprite_ |    00000298  A$Sprite_ |    00000299  A$Sprite_
     00000299  C$Sprite_ |    0000029A  A$Sprite_ |    0000029B  A$Sprite_
     0000029C  A$Sprite_ |    0000029D  A$Sprite_ |    0000029E  A$Sprite_
     0000029F  A$Sprite_ |    0000029F  C$Sprite_ |    000002A0  A$Sprite_
     000002A1  A$Sprite_ |    000002A2  A$Sprite_ |    000002A3  A$Sprite_
     000002A4  A$Sprite_ |    000002A5  A$Sprite_ |    000002A6  A$Sprite_
     000002A7  A$Sprite_ |    000002A8  A$Sprite_ |    000002A8  C$Sprite_
     000002AB  A$Sprite_ |    000002AC  A$Sprite_ |    000002AD  A$Sprite_
     000002AE  A$Sprite_ |    000002B0  A$Sprite_ |    000002B0  C$Sprite_
     000002B1  A$Sprite_ |    000002B2  A$Sprite_ |    000002B3  A$Sprite_
     000002B4  A$Sprite_ |    000002B5  A$Sprite_ |    000002B6  A$Sprite_
     000002B7  A$Sprite_ |    000002B8  A$Sprite_ |    000002B9  A$Sprite_
     000002B9  C$Sprite_ |    000002B9  XG$init_s |    000002BA  A$Sprite_
     000002BA  C$Sprite_ |    000002BA  G$init_16 |    000002BA  _init_16x
     000002BC  A$Sprite_ |    000002BC  C$Sprite_ |    000002BE  A$Sprite_
     000002BF  A$Sprite_ |    000002C1  A$Sprite_ |    000002C2  A$Sprite_
     000002C4  A$Sprite_ |    000002C5  A$Sprite_ |    000002C7  A$Sprite_
     000002C8  A$Sprite_ |    000002C9  A$Sprite_ |    000002CA  A$Sprite_
     000002CC  A$Sprite_ |    000002CC  C$Sprite_ |    000002CD  A$Sprite_
     000002CE  A$Sprite_ |    000002CF  A$Sprite_ |    000002D0  A$Sprite_
     000002D1  A$Sprite_ |    000002D1  C$Sprite_ |    000002D2  A$Sprite_
     000002D3  A$Sprite_ |    000002D4  A$Sprite_ |    000002D5  A$Sprite_
     000002D6  A$Sprite_ |    000002D7  A$Sprite_ |    000002D7  C$Sprite_
     000002D8  A$Sprite_ |    000002D9  A$Sprite_ |    000002DA  A$Sprite_
     000002DB  A$Sprite_ |    000002DC  A$Sprite_ |    000002DD  A$Sprite_
     000002DE  A$Sprite_ |    000002DF  A$Sprite_ |    000002E0  A$Sprite_
     000002E0  C$Sprite_ |    000002E1  A$Sprite_ |    000002E2  A$Sprite_
     000002E5  A$Sprite_ |    000002E6  A$Sprite_ |    000002E7  A$Sprite_
     000002E8  A$Sprite_ |    000002EA  A$Sprite_ |    000002EB  A$Sprite_
     000002EC  A$Sprite_ |    000002ED  A$Sprite_ |    000002EF  A$Sprite_
     000002F0  A$Sprite_ |    000002F1  A$Sprite_ |    000002F2  A$Sprite_
     000002F3  A$Sprite_ |    000002F5  A$Sprite_ |    000002F6  A$Sprite_
     000002F7  A$Sprite_ |    000002F8  A$Sprite_ |    000002F9  A$Sprite_
     000002FA  A$Sprite_ |    000002FA  C$Sprite_ |    000002FB  A$Sprite_
     000002FC  A$Sprite_ |    000002FF  A$Sprite_ |    00000300  A$Sprite_
     00000301  A$Sprite_ |    00000302  A$Sprite_ |    00000304  A$Sprite_
     00000305  A$Sprite_ |    00000306  A$Sprite_ |    00000307  A$Sprite_
     00000309  A$Sprite_ |    0000030A  A$Sprite_ |    0000030B  A$Sprite_
     0000030C  A$Sprite_ |    0000030D  A$Sprite_ |    0000030F  A$Sprite_
     00000310  A$Sprite_ |    00000311  A$Sprite_ |    00000312  A$Sprite_
     00000313  A$Sprite_ |    00000314  A$Sprite_ |    00000314  C$Sprite_
ASxxxx Linker V03.00 + NoICE + sdld,  page 4.
Hexadecimal  [32-Bits]

Area                       Addr        Size        Decimal Bytes (Attributes)
--------------------       ----        ----        ------- ----- ------------
_CODE                  00000200    00000DF0 =        3568. bytes (REL,CON)

        Value  Global            Value  Global            Value  Global    
        -----  ------            -----  ------            -----  ------    
     00000315  A$Sprite_ |    00000316  A$Sprite_ |    00000319  A$Sprite_
     0000031A  A$Sprite_ |    0000031B  A$Sprite_ |    0000031C  A$Sprite_
     0000031E  A$Sprite_ |    0000031F  A$Sprite_ |    00000320  A$Sprite_
     00000321  A$Sprite_ |    00000323  A$Sprite_ |    00000324  A$Sprite_
     00000325  A$Sprite_ |    00000326  A$Sprite_ |    00000327  A$Sprite_
     00000329  A$Sprite_ |    0000032A  A$Sprite_ |    0000032B  A$Sprite_
     0000032C  A$Sprite_ |    0000032D  A$Sprite_ |    0000032E  A$Sprite_
     0000032E  C$Sprite_ |    0000032F  A$Sprite_ |    00000330  A$Sprite_
     00000333  A$Sprite_ |    00000334  A$Sprite_ |    00000335  A$Sprite_
     00000336  A$Sprite_ |    00000338  A$Sprite_ |    00000339  A$Sprite_
     0000033A  A$Sprite_ |    0000033B  A$Sprite_ |    0000033D  A$Sprite_
     0000033E  A$Sprite_ |    0000033F  A$Sprite_ |    00000340  A$Sprite_
     00000341  A$Sprite_ |    00000343  A$Sprite_ |    00000344  A$Sprite_
     00000345  A$Sprite_ |    00000346  A$Sprite_ |    00000347  A$Sprite_
     00000348  A$Sprite_ |    00000348  C$Sprite_ |    0000034A  A$Sprite_
     0000034B  A$Sprite_ |    0000034C  A$Sprite_ |    0000034D  A$Sprite_
     0000034F  A$Sprite_ |    00000350  A$Sprite_ |    00000351  A$Sprite_
     00000351  C$Sprite_ |    00000353  A$Sprite_ |    00000354  A$Sprite_
     00000355  A$Sprite_ |    00000356  A$Sprite_ |    00000358  A$Sprite_
     00000359  A$Sprite_ |    0000035A  A$Sprite_ |    0000035B  A$Sprite_
     0000035C  A$Sprite_ |    0000035C  C$Sprite_ |    0000035E  A$Sprite_
     0000035F  A$Sprite_ |    00000360  A$Sprite_ |    00000360  C$Sprite_
     00000361  A$Sprite_ |    00000362  A$Sprite_ |    00000363  A$Sprite_
     00000364  A$Sprite_ |    00000365  A$Sprite_ |    00000366  A$Sprite_
     00000367  A$Sprite_ |    00000368  A$Sprite_ |    00000369  A$Sprite_
     0000036A  A$Sprite_ |    0000036B  A$Sprite_ |    0000036C  A$Sprite_
     0000036D  A$Sprite_ |    0000036E  A$Sprite_ |    0000036E  C$Sprite_
     00000370  A$Sprite_ |    00000371  A$Sprite_ |    00000372  A$Sprite_
     00000373  A$Sprite_ |    00000374  A$Sprite_ |    00000375  A$Sprite_
     00000376  A$Sprite_ |    00000377  A$Sprite_ |    00000378  A$Sprite_
     00000379  A$Sprite_ |    0000037A  A$Sprite_ |    0000037B  A$Sprite_
     0000037C  A$Sprite_ |    0000037D  A$Sprite_ |    0000037E  A$Sprite_
     00000381  A$Sprite_ |    00000382  A$Sprite_ |    00000383  A$Sprite_
     00000384  A$Sprite_ |    00000385  A$Sprite_ |    00000385  C$Sprite_
     00000387  A$Sprite_ |    00000388  A$Sprite_ |    00000389  A$Sprite_
     00000389  C$Sprite_ |    0000038A  A$Sprite_ |    0000038B  A$Sprite_
     0000038C  A$Sprite_ |    0000038D  A$Sprite_ |    0000038E  A$Sprite_
     0000038F  A$Sprite_ |    00000390  A$Sprite_ |    00000391  A$Sprite_
     00000391  C$Sprite_ |    00000392  A$Sprite_ |    00000393  A$Sprite_
     00000394  A$Sprite_ |    00000395  A$Sprite_ |    00000396  A$Sprite_
     00000397  A$Sprite_ |    00000398  A$Sprite_ |    00000399  A$Sprite_
     0000039A  A$Sprite_ |    0000039B  A$Sprite_ |    0000039C  A$Sprite_
     0000039D  A$Sprite_ |    0000039E  A$Sprite_ |    0000039F  A$Sprite_
     000003A0  A$Sprite_ |    000003A1  A$Sprite_ |    000003A1  C$Sprite_
     000003A3  A$Sprite_ |    000003A4  A$Sprite_ |    000003A5  A$Sprite_
     000003A6  A$Sprite_ |    000003A7  A$Sprite_ |    000003A8  A$Sprite_
     000003A9  A$Sprite_ |    000003AA  A$Sprite_ |    000003AB  A$Sprite_
     000003AC  A$Sprite_ |    000003AD  A$Sprite_ |    000003AE  A$Sprite_
     000003AF  A$Sprite_ |    000003B2  A$Sprite_ |    000003B3  A$Sprite_
     000003B4  A$Sprite_ |    000003B5  A$Sprite_ |    000003B6  A$Sprite_
     000003B6  C$Sprite_ |    000003B8  A$Sprite_ |    000003B9  A$Sprite_
ASxxxx Linker V03.00 + NoICE + sdld,  page 5.
Hexadecimal  [32-Bits]

Area                       Addr        Size        Decimal Bytes (Attributes)
--------------------       ----        ----        ------- ----- ------------
_CODE                  00000200    00000DF0 =        3568. bytes (REL,CON)

        Value  Global            Value  Global            Value  Global    
        -----  ------            -----  ------            -----  ------    
     000003BA  A$Sprite_ |    000003BA  C$Sprite_ |    000003BB  A$Sprite_
     000003BC  A$Sprite_ |    000003BD  A$Sprite_ |    000003BE  A$Sprite_
     000003BF  A$Sprite_ |    000003C0  A$Sprite_ |    000003C1  A$Sprite_
     000003C2  A$Sprite_ |    000003C3  A$Sprite_ |    000003C3  C$Sprite_
     000003C4  A$Sprite_ |    000003C5  A$Sprite_ |    000003C6  A$Sprite_
     000003C7  A$Sprite_ |    000003C8  A$Sprite_ |    000003C9  A$Sprite_
     000003CA  A$Sprite_ |    000003CB  A$Sprite_ |    000003CC  A$Sprite_
     000003CD  A$Sprite_ |    000003CE  A$Sprite_ |    000003CF  A$Sprite_
     000003D0  A$Sprite_ |    000003D1  A$Sprite_ |    000003D2  A$Sprite_
     000003D3  A$Sprite_ |    000003D4  A$Sprite_ |    000003D5  A$Sprite_
     000003D5  C$Sprite_ |    000003D7  A$Sprite_ |    000003D8  A$Sprite_
     000003D9  A$Sprite_ |    000003DA  A$Sprite_ |    000003DD  A$Sprite_
     000003DE  A$Sprite_ |    000003DF  A$Sprite_ |    000003E0  A$Sprite_
     000003E1  A$Sprite_ |    000003E2  A$Sprite_ |    000003E4  A$Sprite_
     000003E5  A$Sprite_ |    000003E6  A$Sprite_ |    000003E7  A$Sprite_
     000003E8  A$Sprite_ |    000003E9  A$Sprite_ |    000003EA  A$Sprite_
     000003EB  A$Sprite_ |    000003EC  A$Sprite_ |    000003ED  A$Sprite_
     000003EE  A$Sprite_ |    000003EF  A$Sprite_ |    000003F0  A$Sprite_
     000003F1  A$Sprite_ |    000003F2  A$Sprite_ |    000003F3  A$Sprite_
     000003F4  A$Sprite_ |    000003F7  A$Sprite_ |    000003F9  A$Sprite_
     000003FA  A$Sprite_ |    000003FB  A$Sprite_ |    000003FE  A$Sprite_
     000003FF  A$Sprite_ |    00000400  A$Sprite_ |    00000401  A$Sprite_
     00000403  A$Sprite_ |    00000404  A$Sprite_ |    00000405  A$Sprite_
     00000406  A$Sprite_ |    00000408  A$Sprite_ |    00000409  A$Sprite_
     0000040A  A$Sprite_ |    0000040B  A$Sprite_ |    0000040C  A$Sprite_
     0000040D  A$Sprite_ |    0000040E  A$Sprite_ |    00000410  A$Sprite_
     00000411  A$Sprite_ |    00000412  A$Sprite_ |    00000413  A$Sprite_
     00000414  A$Sprite_ |    00000415  A$Sprite_ |    00000416  A$Sprite_
     00000417  A$Sprite_ |    00000418  A$Sprite_ |    00000419  A$Sprite_
     0000041A  A$Sprite_ |    0000041B  A$Sprite_ |    0000041E  A$Sprite_
     00000420  A$Sprite_ |    00000420  C$Sprite_ |    00000421  A$Sprite_
     00000422  A$Sprite_ |    00000425  A$Sprite_ |    00000426  A$Sprite_
     00000427  A$Sprite_ |    00000428  A$Sprite_ |    0000042A  A$Sprite_
     0000042B  A$Sprite_ |    0000042C  A$Sprite_ |    0000042D  A$Sprite_
     0000042F  A$Sprite_ |    00000430  A$Sprite_ |    00000431  A$Sprite_
     00000432  A$Sprite_ |    00000433  A$Sprite_ |    00000434  A$Sprite_
     00000435  A$Sprite_ |    00000437  A$Sprite_ |    00000438  A$Sprite_
     00000439  A$Sprite_ |    0000043A  A$Sprite_ |    0000043B  A$Sprite_
     0000043C  A$Sprite_ |    0000043D  A$Sprite_ |    0000043E  A$Sprite_
     0000043F  A$Sprite_ |    00000440  A$Sprite_ |    00000441  A$Sprite_
     00000442  A$Sprite_ |    00000445  A$Sprite_ |    00000447  A$Sprite_
     00000447  C$Sprite_ |    00000448  A$Sprite_ |    00000449  A$Sprite_
     0000044C  A$Sprite_ |    0000044D  A$Sprite_ |    0000044E  A$Sprite_
     0000044F  A$Sprite_ |    00000451  A$Sprite_ |    00000452  A$Sprite_
     00000453  A$Sprite_ |    00000454  A$Sprite_ |    00000456  A$Sprite_
     00000457  A$Sprite_ |    00000458  A$Sprite_ |    00000459  A$Sprite_
     0000045A  A$Sprite_ |    0000045B  A$Sprite_ |    0000045C  A$Sprite_
     0000045E  A$Sprite_ |    0000045F  A$Sprite_ |    00000460  A$Sprite_
     00000461  A$Sprite_ |    00000462  A$Sprite_ |    00000463  A$Sprite_
     00000464  A$Sprite_ |    00000465  A$Sprite_ |    00000466  A$Sprite_
     00000467  A$Sprite_ |    00000468  A$Sprite_ |    00000469  A$Sprite_
ASxxxx Linker V03.00 + NoICE + sdld,  page 6.
Hexadecimal  [32-Bits]

Area                       Addr        Size        Decimal Bytes (Attributes)
--------------------       ----        ----        ------- ----- ------------
_CODE                  00000200    00000DF0 =        3568. bytes (REL,CON)

        Value  Global            Value  Global            Value  Global    
        -----  ------            -----  ------            -----  ------    
     0000046C  A$Sprite_ |    0000046E  A$Sprite_ |    0000046E  C$Sprite_
     00000470  A$Sprite_ |    00000471  A$Sprite_ |    00000472  A$Sprite_
     00000473  A$Sprite_ |    00000474  A$Sprite_ |    00000475  A$Sprite_
     00000476  A$Sprite_ |    00000477  A$Sprite_ |    00000478  A$Sprite_
     00000478  C$Sprite_ |    00000479  A$Sprite_ |    0000047A  A$Sprite_
     0000047B  A$Sprite_ |    0000047C  A$Sprite_ |    0000047D  A$Sprite_
     0000047E  A$Sprite_ |    0000047F  A$Sprite_ |    00000480  A$Sprite_
     00000481  A$Sprite_ |    00000482  A$Sprite_ |    00000483  A$Sprite_
     00000484  A$Sprite_ |    00000485  A$Sprite_ |    00000486  A$Sprite_
     00000487  A$Sprite_ |    0000048A  A$Sprite_ |    0000048C  A$Sprite_
     0000048E  A$Sprite_ |    0000048F  A$Sprite_ |    00000490  A$Sprite_
     00000491  A$Sprite_ |    00000492  A$Sprite_ |    00000493  A$Sprite_
     00000494  A$Sprite_ |    00000495  A$Sprite_ |    00000496  A$Sprite_
     00000499  A$Sprite_ |    0000049A  A$Sprite_ |    0000049B  A$Sprite_
     0000049C  A$Sprite_ |    0000049D  A$Sprite_ |    0000049E  A$Sprite_
     0000049F  A$Sprite_ |    000004A0  A$Sprite_ |    000004A1  A$Sprite_
     000004A2  A$Sprite_ |    000004A3  A$Sprite_ |    000004A4  A$Sprite_
     000004A5  A$Sprite_ |    000004A6  A$Sprite_ |    000004A9  A$Sprite_
     000004AB  A$Sprite_ |    000004AB  C$Sprite_ |    000004AD  A$Sprite_
     000004AE  A$Sprite_ |    000004AF  A$Sprite_ |    000004B0  A$Sprite_
     000004B1  A$Sprite_ |    000004B2  A$Sprite_ |    000004B4  A$Sprite_
     000004B5  A$Sprite_ |    000004B6  A$Sprite_ |    000004B7  A$Sprite_
     000004B8  A$Sprite_ |    000004B9  A$Sprite_ |    000004BA  A$Sprite_
     000004BB  A$Sprite_ |    000004BC  A$Sprite_ |    000004BD  A$Sprite_
     000004BE  A$Sprite_ |    000004BF  A$Sprite_ |    000004C2  A$Sprite_
     000004C4  A$Sprite_ |    000004C4  C$Sprite_ |    000004C6  A$Sprite_
     000004C7  A$Sprite_ |    000004C8  A$Sprite_ |    000004C9  A$Sprite_
     000004CA  A$Sprite_ |    000004CB  A$Sprite_ |    000004CD  A$Sprite_
     000004CE  A$Sprite_ |    000004CF  A$Sprite_ |    000004D0  A$Sprite_
     000004D1  A$Sprite_ |    000004D2  A$Sprite_ |    000004D3  A$Sprite_
     000004D4  A$Sprite_ |    000004D5  A$Sprite_ |    000004D6  A$Sprite_
     000004D7  A$Sprite_ |    000004D8  A$Sprite_ |    000004DB  A$Sprite_
     000004DD  A$Sprite_ |    000004DD  C$Sprite_ |    000004DF  A$Sprite_
     000004E0  A$Sprite_ |    000004E1  A$Sprite_ |    000004E2  A$Sprite_
     000004E3  A$Sprite_ |    000004E4  A$Sprite_ |    000004E6  A$Sprite_
     000004E7  A$Sprite_ |    000004E8  A$Sprite_ |    000004E9  A$Sprite_
     000004EA  A$Sprite_ |    000004EB  A$Sprite_ |    000004EC  A$Sprite_
     000004ED  A$Sprite_ |    000004EE  A$Sprite_ |    000004EF  A$Sprite_
     000004F0  A$Sprite_ |    000004F1  A$Sprite_ |    000004F4  A$Sprite_
     000004F6  A$Sprite_ |    000004F6  C$Sprite_ |    000004F8  A$Sprite_
     000004F9  A$Sprite_ |    000004FA  A$Sprite_ |    000004FB  A$Sprite_
     000004FC  A$Sprite_ |    000004FD  A$Sprite_ |    000004FE  A$Sprite_
     000004FF  A$Sprite_ |    00000500  A$Sprite_ |    00000500  C$Sprite_
     00000501  A$Sprite_ |    00000502  A$Sprite_ |    00000503  A$Sprite_
     00000504  A$Sprite_ |    00000505  A$Sprite_ |    00000506  A$Sprite_
     00000507  A$Sprite_ |    00000508  A$Sprite_ |    00000509  A$Sprite_
     0000050A  A$Sprite_ |    0000050B  A$Sprite_ |    0000050C  A$Sprite_
     0000050D  A$Sprite_ |    0000050E  A$Sprite_ |    0000050F  A$Sprite_
     00000512  A$Sprite_ |    00000514  A$Sprite_ |    00000516  A$Sprite_
     00000517  A$Sprite_ |    00000518  A$Sprite_ |    00000519  A$Sprite_
     0000051A  A$Sprite_ |    0000051B  A$Sprite_ |    0000051C  A$Sprite_
ASxxxx Linker V03.00 + NoICE + sdld,  page 7.
Hexadecimal  [32-Bits]

Area                       Addr        Size        Decimal Bytes (Attributes)
--------------------       ----        ----        ------- ----- ------------
_CODE                  00000200    00000DF0 =        3568. bytes (REL,CON)

        Value  Global            Value  Global            Value  Global    
        -----  ------            -----  ------            -----  ------    
     0000051D  A$Sprite_ |    0000051E  A$Sprite_ |    00000521  A$Sprite_
     00000522  A$Sprite_ |    00000523  A$Sprite_ |    00000524  A$Sprite_
     00000525  A$Sprite_ |    00000526  A$Sprite_ |    00000527  A$Sprite_
     00000528  A$Sprite_ |    00000529  A$Sprite_ |    0000052A  A$Sprite_
     0000052B  A$Sprite_ |    0000052C  A$Sprite_ |    0000052D  A$Sprite_
     0000052E  A$Sprite_ |    00000531  A$Sprite_ |    00000533  A$Sprite_
     00000533  C$Sprite_ |    00000535  A$Sprite_ |    00000536  A$Sprite_
     00000537  A$Sprite_ |    00000538  A$Sprite_ |    00000539  A$Sprite_
     0000053A  A$Sprite_ |    0000053C  A$Sprite_ |    0000053D  A$Sprite_
     0000053E  A$Sprite_ |    0000053F  A$Sprite_ |    00000540  A$Sprite_
     00000541  A$Sprite_ |    00000542  A$Sprite_ |    00000543  A$Sprite_
     00000544  A$Sprite_ |    00000545  A$Sprite_ |    00000546  A$Sprite_
     00000547  A$Sprite_ |    0000054A  A$Sprite_ |    0000054C  A$Sprite_
     0000054C  C$Sprite_ |    0000054E  A$Sprite_ |    0000054F  A$Sprite_
     00000550  A$Sprite_ |    00000551  A$Sprite_ |    00000552  A$Sprite_
     00000553  A$Sprite_ |    00000555  A$Sprite_ |    00000556  A$Sprite_
     00000557  A$Sprite_ |    00000558  A$Sprite_ |    00000559  A$Sprite_
     0000055A  A$Sprite_ |    0000055B  A$Sprite_ |    0000055C  A$Sprite_
     0000055D  A$Sprite_ |    0000055E  A$Sprite_ |    0000055F  A$Sprite_
     00000560  A$Sprite_ |    00000563  A$Sprite_ |    00000565  A$Sprite_
     00000565  C$Sprite_ |    00000567  A$Sprite_ |    00000568  A$Sprite_
     00000569  A$Sprite_ |    0000056A  A$Sprite_ |    0000056B  A$Sprite_
     0000056C  A$Sprite_ |    0000056E  A$Sprite_ |    0000056F  A$Sprite_
     00000570  A$Sprite_ |    00000571  A$Sprite_ |    00000572  A$Sprite_
     00000573  A$Sprite_ |    00000574  A$Sprite_ |    00000575  A$Sprite_
     00000576  A$Sprite_ |    00000577  A$Sprite_ |    00000578  A$Sprite_
     00000579  A$Sprite_ |    0000057C  A$Sprite_ |    0000057E  A$Sprite_
     0000057E  C$Sprite_ |    00000580  A$Sprite_ |    00000581  A$Sprite_
     00000582  A$Sprite_ |    00000583  A$Sprite_ |    00000584  A$Sprite_
     00000585  A$Sprite_ |    00000586  A$Sprite_ |    00000587  A$Sprite_
     00000588  A$Sprite_ |    00000588  C$Sprite_ |    00000589  A$Sprite_
     0000058A  A$Sprite_ |    0000058B  A$Sprite_ |    0000058C  A$Sprite_
     0000058D  A$Sprite_ |    0000058E  A$Sprite_ |    0000058F  A$Sprite_
     00000590  A$Sprite_ |    00000591  A$Sprite_ |    00000592  A$Sprite_
     00000593  A$Sprite_ |    00000594  A$Sprite_ |    00000595  A$Sprite_
     00000596  A$Sprite_ |    00000597  A$Sprite_ |    0000059A  A$Sprite_
     0000059C  A$Sprite_ |    0000059E  A$Sprite_ |    0000059F  A$Sprite_
     000005A0  A$Sprite_ |    000005A1  A$Sprite_ |    000005A2  A$Sprite_
     000005A3  A$Sprite_ |    000005A4  A$Sprite_ |    000005A5  A$Sprite_
     000005A6  A$Sprite_ |    000005A9  A$Sprite_ |    000005AA  A$Sprite_
     000005AB  A$Sprite_ |    000005AC  A$Sprite_ |    000005AD  A$Sprite_
     000005AE  A$Sprite_ |    000005AF  A$Sprite_ |    000005B0  A$Sprite_
     000005B1  A$Sprite_ |    000005B2  A$Sprite_ |    000005B3  A$Sprite_
     000005B4  A$Sprite_ |    000005B5  A$Sprite_ |    000005B6  A$Sprite_
     000005B9  A$Sprite_ |    000005BB  A$Sprite_ |    000005BB  C$Sprite_
     000005BD  A$Sprite_ |    000005BE  A$Sprite_ |    000005BF  A$Sprite_
     000005C0  A$Sprite_ |    000005C1  A$Sprite_ |    000005C2  A$Sprite_
     000005C3  A$Sprite_ |    000005C4  A$Sprite_ |    000005C5  A$Sprite_
     000005C6  A$Sprite_ |    000005C7  A$Sprite_ |    000005C8  A$Sprite_
     000005C9  A$Sprite_ |    000005CA  A$Sprite_ |    000005CB  A$Sprite_
     000005CC  A$Sprite_ |    000005CD  A$Sprite_ |    000005CE  A$Sprite_
ASxxxx Linker V03.00 + NoICE + sdld,  page 8.
Hexadecimal  [32-Bits]

Area                       Addr        Size        Decimal Bytes (Attributes)
--------------------       ----        ----        ------- ----- ------------
_CODE                  00000200    00000DF0 =        3568. bytes (REL,CON)

        Value  Global            Value  Global            Value  Global    
        -----  ------            -----  ------            -----  ------    
     000005CF  A$Sprite_ |    000005D0  A$Sprite_ |    000005D3  A$Sprite_
     000005D5  A$Sprite_ |    000005D5  C$Sprite_ |    000005D7  A$Sprite_
     000005D8  A$Sprite_ |    000005D9  A$Sprite_ |    000005DA  A$Sprite_
     000005DB  A$Sprite_ |    000005DC  A$Sprite_ |    000005DE  A$Sprite_
     000005DF  A$Sprite_ |    000005E0  A$Sprite_ |    000005E1  A$Sprite_
     000005E2  A$Sprite_ |    000005E3  A$Sprite_ |    000005E4  A$Sprite_
     000005E5  A$Sprite_ |    000005E6  A$Sprite_ |    000005E7  A$Sprite_
     000005E8  A$Sprite_ |    000005E9  A$Sprite_ |    000005EC  A$Sprite_
     000005EE  A$Sprite_ |    000005EE  C$Sprite_ |    000005F0  A$Sprite_
     000005F1  A$Sprite_ |    000005F2  A$Sprite_ |    000005F3  A$Sprite_
     000005F4  A$Sprite_ |    000005F5  A$Sprite_ |    000005F7  A$Sprite_
     000005F8  A$Sprite_ |    000005F9  A$Sprite_ |    000005FA  A$Sprite_
     000005FB  A$Sprite_ |    000005FC  A$Sprite_ |    000005FD  A$Sprite_
     000005FE  A$Sprite_ |    000005FF  A$Sprite_ |    00000600  A$Sprite_
     00000601  A$Sprite_ |    00000602  A$Sprite_ |    00000605  A$Sprite_
     00000607  A$Sprite_ |    00000607  C$Sprite_ |    00000609  A$Sprite_
     0000060A  A$Sprite_ |    0000060B  A$Sprite_ |    0000060C  A$Sprite_
     0000060D  A$Sprite_ |    0000060E  A$Sprite_ |    0000060F  A$Sprite_
     00000610  A$Sprite_ |    00000611  A$Sprite_ |    00000611  C$Sprite_
     00000612  A$Sprite_ |    00000613  A$Sprite_ |    00000614  A$Sprite_
     00000615  A$Sprite_ |    00000616  A$Sprite_ |    00000617  A$Sprite_
     00000618  A$Sprite_ |    00000619  A$Sprite_ |    0000061A  A$Sprite_
     0000061B  A$Sprite_ |    0000061C  A$Sprite_ |    0000061D  A$Sprite_
     0000061E  A$Sprite_ |    0000061F  A$Sprite_ |    00000620  A$Sprite_
     00000623  A$Sprite_ |    00000625  A$Sprite_ |    00000625  C$Sprite_
     00000625  XG$init_1 |    00000626  A$Sprite_ |    00000626  C$Sprite_
     00000626  G$init_16 |    00000626  _init_16x |    00000628  A$Sprite_
     00000628  C$Sprite_ |    0000062A  A$Sprite_ |    0000062B  A$Sprite_
     0000062C  A$Sprite_ |    0000062D  A$Sprite_ |    0000062E  A$Sprite_
     0000062E  C$Sprite_ |    0000062F  A$Sprite_ |    00000630  A$Sprite_
     00000631  A$Sprite_ |    00000632  A$Sprite_ |    00000633  A$Sprite_
     00000633  C$Sprite_ |    00000634  A$Sprite_ |    00000635  A$Sprite_
     00000636  A$Sprite_ |    00000637  A$Sprite_ |    00000638  A$Sprite_
     00000639  A$Sprite_ |    00000639  C$Sprite_ |    0000063A  A$Sprite_
     0000063B  A$Sprite_ |    0000063C  A$Sprite_ |    0000063D  A$Sprite_
     0000063E  A$Sprite_ |    0000063F  A$Sprite_ |    00000640  A$Sprite_
     00000641  A$Sprite_ |    00000642  A$Sprite_ |    00000642  C$Sprite_
     00000645  A$Sprite_ |    00000646  A$Sprite_ |    00000647  A$Sprite_
     00000648  A$Sprite_ |    0000064A  A$Sprite_ |    0000064B  A$Sprite_
     0000064C  A$Sprite_ |    0000064C  C$Sprite_ |    0000064F  A$Sprite_
     00000650  A$Sprite_ |    00000651  A$Sprite_ |    00000652  A$Sprite_
     00000654  A$Sprite_ |    00000655  A$Sprite_ |    00000656  A$Sprite_
     00000656  C$Sprite_ |    00000659  A$Sprite_ |    0000065A  A$Sprite_
     0000065B  A$Sprite_ |    0000065C  A$Sprite_ |    0000065E  A$Sprite_
     0000065F  A$Sprite_ |    00000660  A$Sprite_ |    00000661  A$Sprite_
     00000662  A$Sprite_ |    00000663  A$Sprite_ |    00000663  C$Sprite_
     00000666  A$Sprite_ |    00000667  A$Sprite_ |    00000668  A$Sprite_
     00000669  A$Sprite_ |    0000066A  A$Sprite_ |    0000066B  A$Sprite_
     0000066C  A$Sprite_ |    0000066E  A$Sprite_ |    0000066F  A$Sprite_
     00000670  A$Sprite_ |    00000671  A$Sprite_ |    00000672  A$Sprite_
     00000673  A$Sprite_ |    00000673  C$Sprite_ |    00000676  A$Sprite_
ASxxxx Linker V03.00 + NoICE + sdld,  page 9.
Hexadecimal  [32-Bits]

Area                       Addr        Size        Decimal Bytes (Attributes)
--------------------       ----        ----        ------- ----- ------------
_CODE                  00000200    00000DF0 =        3568. bytes (REL,CON)

        Value  Global            Value  Global            Value  Global    
        -----  ------            -----  ------            -----  ------    
     00000677  A$Sprite_ |    00000678  A$Sprite_ |    00000679  A$Sprite_
     0000067B  A$Sprite_ |    0000067C  A$Sprite_ |    0000067D  A$Sprite_
     0000067E  A$Sprite_ |    00000680  A$Sprite_ |    00000681  A$Sprite_
     00000682  A$Sprite_ |    00000683  A$Sprite_ |    00000684  A$Sprite_
     00000686  A$Sprite_ |    00000687  A$Sprite_ |    00000688  A$Sprite_
     00000689  A$Sprite_ |    0000068A  A$Sprite_ |    0000068B  A$Sprite_
     0000068B  C$Sprite_ |    0000068E  A$Sprite_ |    0000068F  A$Sprite_
     00000690  A$Sprite_ |    00000691  A$Sprite_ |    00000693  A$Sprite_
     00000694  A$Sprite_ |    00000695  A$Sprite_ |    00000696  A$Sprite_
     00000698  A$Sprite_ |    00000699  A$Sprite_ |    0000069A  A$Sprite_
     0000069B  A$Sprite_ |    0000069C  A$Sprite_ |    0000069E  A$Sprite_
     0000069F  A$Sprite_ |    000006A0  A$Sprite_ |    000006A1  A$Sprite_
     000006A2  A$Sprite_ |    000006A3  A$Sprite_ |    000006A3  C$Sprite_
     000006A5  A$Sprite_ |    000006A6  A$Sprite_ |    000006A7  A$Sprite_
     000006A8  A$Sprite_ |    000006AA  A$Sprite_ |    000006AB  A$Sprite_
     000006AC  A$Sprite_ |    000006AC  C$Sprite_ |    000006AE  A$Sprite_
     000006AF  A$Sprite_ |    000006B0  A$Sprite_ |    000006B1  A$Sprite_
     000006B3  A$Sprite_ |    000006B4  A$Sprite_ |    000006B5  A$Sprite_
     000006B6  A$Sprite_ |    000006B7  A$Sprite_ |    000006B7  C$Sprite_
     000006B9  A$Sprite_ |    000006BA  A$Sprite_ |    000006BB  A$Sprite_
     000006BB  C$Sprite_ |    000006BC  A$Sprite_ |    000006BD  A$Sprite_
     000006BE  A$Sprite_ |    000006BF  A$Sprite_ |    000006C0  A$Sprite_
     000006C1  A$Sprite_ |    000006C2  A$Sprite_ |    000006C3  A$Sprite_
     000006C4  A$Sprite_ |    000006C5  A$Sprite_ |    000006C6  A$Sprite_
     000006C7  A$Sprite_ |    000006C8  A$Sprite_ |    000006C9  A$Sprite_
     000006C9  C$Sprite_ |    000006CB  A$Sprite_ |    000006CC  A$Sprite_
     000006CD  A$Sprite_ |    000006CE  A$Sprite_ |    000006CF  A$Sprite_
     000006D0  A$Sprite_ |    000006D2  A$Sprite_ |    000006D3  A$Sprite_
     000006D4  A$Sprite_ |    000006D5  A$Sprite_ |    000006D6  A$Sprite_
     000006D7  A$Sprite_ |    000006D8  A$Sprite_ |    000006D9  A$Sprite_
     000006DC  A$Sprite_ |    000006DD  A$Sprite_ |    000006DF  A$Sprite_
     000006E0  A$Sprite_ |    000006E1  A$Sprite_ |    000006E3  A$Sprite_
     000006E4  A$Sprite_ |    000006E5  A$Sprite_ |    000006E5  C$Sprite_
     000006E7  A$Sprite_ |    000006E8  A$Sprite_ |    000006E9  A$Sprite_
     000006EA  A$Sprite_ |    000006EB  A$Sprite_ |    000006ED  A$Sprite_
     000006EE  A$Sprite_ |    000006EF  A$Sprite_ |    000006F0  A$Sprite_
     000006F1  A$Sprite_ |    000006F1  C$Sprite_ |    000006F3  A$Sprite_
     000006F4  A$Sprite_ |    000006F5  A$Sprite_ |    000006F5  C$Sprite_
     000006F6  A$Sprite_ |    000006F7  A$Sprite_ |    000006F8  A$Sprite_
     000006F9  A$Sprite_ |    000006FA  A$Sprite_ |    000006FB  A$Sprite_
     000006FC  A$Sprite_ |    000006FD  A$Sprite_ |    000006FE  A$Sprite_
     000006FF  A$Sprite_ |    00000700  A$Sprite_ |    00000701  A$Sprite_
     00000702  A$Sprite_ |    00000703  A$Sprite_ |    00000704  A$Sprite_
     00000705  A$Sprite_ |    00000705  C$Sprite_ |    00000707  A$Sprite_
     00000708  A$Sprite_ |    00000709  A$Sprite_ |    0000070A  A$Sprite_
     0000070B  A$Sprite_ |    0000070C  A$Sprite_ |    0000070D  A$Sprite_
     0000070F  A$Sprite_ |    00000710  A$Sprite_ |    00000711  A$Sprite_
     00000712  A$Sprite_ |    00000713  A$Sprite_ |    00000716  A$Sprite_
     00000717  A$Sprite_ |    00000718  A$Sprite_ |    00000719  A$Sprite_
     0000071A  A$Sprite_ |    0000071B  A$Sprite_ |    0000071B  C$Sprite_
     0000071D  A$Sprite_ |    0000071E  A$Sprite_ |    0000071F  A$Sprite_
ASxxxx Linker V03.00 + NoICE + sdld,  page 10.
Hexadecimal  [32-Bits]

Area                       Addr        Size        Decimal Bytes (Attributes)
--------------------       ----        ----        ------- ----- ------------
_CODE                  00000200    00000DF0 =        3568. bytes (REL,CON)

        Value  Global            Value  Global            Value  Global    
        -----  ------            -----  ------            -----  ------    
     0000071F  C$Sprite_ |    00000720  A$Sprite_ |    00000721  A$Sprite_
     00000722  A$Sprite_ |    00000723  A$Sprite_ |    00000724  A$Sprite_
     00000725  A$Sprite_ |    00000726  A$Sprite_ |    00000727  A$Sprite_
     00000728  A$Sprite_ |    00000729  A$Sprite_ |    00000729  C$Sprite_
     0000072A  A$Sprite_ |    0000072B  A$Sprite_ |    0000072C  A$Sprite_
     0000072D  A$Sprite_ |    0000072E  A$Sprite_ |    0000072F  A$Sprite_
     00000730  A$Sprite_ |    00000731  A$Sprite_ |    00000732  A$Sprite_
     00000733  A$Sprite_ |    00000734  A$Sprite_ |    00000735  A$Sprite_
     00000736  A$Sprite_ |    00000737  A$Sprite_ |    00000738  A$Sprite_
     00000739  A$Sprite_ |    0000073A  A$Sprite_ |    0000073B  A$Sprite_
     0000073B  C$Sprite_ |    0000073D  A$Sprite_ |    0000073E  A$Sprite_
     0000073F  A$Sprite_ |    00000740  A$Sprite_ |    00000741  A$Sprite_
     00000742  A$Sprite_ |    00000743  A$Sprite_ |    00000745  A$Sprite_
     00000746  A$Sprite_ |    00000747  A$Sprite_ |    00000747  C$Sprite_
     00000749  A$Sprite_ |    0000074A  A$Sprite_ |    0000074B  A$Sprite_
     0000074C  A$Sprite_ |    0000074D  A$Sprite_ |    0000074E  A$Sprite_
     0000074F  A$Sprite_ |    00000751  A$Sprite_ |    00000752  A$Sprite_
     00000754  A$Sprite_ |    00000755  A$Sprite_ |    00000756  A$Sprite_
     00000756  C$Sprite_ |    00000758  A$Sprite_ |    00000759  A$Sprite_
     0000075A  A$Sprite_ |    0000075B  A$Sprite_ |    0000075C  A$Sprite_
     0000075D  A$Sprite_ |    0000075E  A$Sprite_ |    00000760  A$Sprite_
     00000761  A$Sprite_ |    00000762  A$Sprite_ |    00000762  C$Sprite_
     00000764  A$Sprite_ |    00000765  A$Sprite_ |    00000766  A$Sprite_
     00000767  A$Sprite_ |    00000768  A$Sprite_ |    00000769  A$Sprite_
     0000076A  A$Sprite_ |    0000076B  A$Sprite_ |    0000076C  A$Sprite_
     0000076C  C$Sprite_ |    0000076E  A$Sprite_ |    0000076F  A$Sprite_
     00000770  A$Sprite_ |    00000771  A$Sprite_ |    00000774  A$Sprite_
     00000775  A$Sprite_ |    00000776  A$Sprite_ |    00000777  A$Sprite_
     00000779  A$Sprite_ |    0000077A  A$Sprite_ |    0000077B  A$Sprite_
     0000077B  C$Sprite_ |    0000077D  A$Sprite_ |    0000077E  A$Sprite_
     0000077F  A$Sprite_ |    00000780  A$Sprite_ |    00000783  A$Sprite_
     00000784  A$Sprite_ |    00000785  A$Sprite_ |    00000786  A$Sprite_
     00000788  A$Sprite_ |    00000789  A$Sprite_ |    0000078A  A$Sprite_
     0000078A  C$Sprite_ |    0000078C  A$Sprite_ |    0000078D  A$Sprite_
     0000078E  A$Sprite_ |    0000078F  A$Sprite_ |    00000792  A$Sprite_
     00000793  A$Sprite_ |    00000794  A$Sprite_ |    00000795  A$Sprite_
     00000797  A$Sprite_ |    00000798  A$Sprite_ |    0000079A  A$Sprite_
     0000079B  A$Sprite_ |    0000079C  A$Sprite_ |    0000079C  C$Sprite_
     0000079E  A$Sprite_ |    0000079F  A$Sprite_ |    000007A0  A$Sprite_
     000007A1  A$Sprite_ |    000007A4  A$Sprite_ |    000007A5  A$Sprite_
     000007A6  A$Sprite_ |    000007A7  A$Sprite_ |    000007A8  A$Sprite_
     000007A9  A$Sprite_ |    000007A9  C$Sprite_ |    000007AB  A$Sprite_
     000007AC  A$Sprite_ |    000007AD  A$Sprite_ |    000007AF  A$Sprite_
     000007B0  A$Sprite_ |    000007B1  A$Sprite_ |    000007B2  A$Sprite_
     000007B3  A$Sprite_ |    000007B4  A$Sprite_ |    000007B5  A$Sprite_
     000007B7  A$Sprite_ |    000007B8  A$Sprite_ |    000007B9  A$Sprite_
     000007BA  A$Sprite_ |    000007BC  A$Sprite_ |    000007BD  A$Sprite_
     000007BE  A$Sprite_ |    000007BF  A$Sprite_ |    000007C1  A$Sprite_
     000007C2  A$Sprite_ |    000007C3  A$Sprite_ |    000007C4  A$Sprite_
     000007C5  A$Sprite_ |    000007C8  A$Sprite_ |    000007CA  A$Sprite_
     000007CA  C$Sprite_ |    000007CB  A$Sprite_ |    000007CC  A$Sprite_
ASxxxx Linker V03.00 + NoICE + sdld,  page 11.
Hexadecimal  [32-Bits]

Area                       Addr        Size        Decimal Bytes (Attributes)
--------------------       ----        ----        ------- ----- ------------
_CODE                  00000200    00000DF0 =        3568. bytes (REL,CON)

        Value  Global            Value  Global            Value  Global    
        -----  ------            -----  ------            -----  ------    
     000007CD  A$Sprite_ |    000007CE  A$Sprite_ |    000007CF  A$Sprite_
     000007D0  A$Sprite_ |    000007D1  A$Sprite_ |    000007D4  A$Sprite_
     000007D5  A$Sprite_ |    000007D6  A$Sprite_ |    000007D8  A$Sprite_
     000007D9  A$Sprite_ |    000007DA  A$Sprite_ |    000007DB  A$Sprite_
     000007DC  A$Sprite_ |    000007DD  A$Sprite_ |    000007DE  A$Sprite_
     000007DF  A$Sprite_ |    000007E1  A$Sprite_ |    000007E2  A$Sprite_
     000007E3  A$Sprite_ |    000007E4  A$Sprite_ |    000007E5  A$Sprite_
     000007E6  A$Sprite_ |    000007E7  A$Sprite_ |    000007E8  A$Sprite_
     000007E9  A$Sprite_ |    000007EA  A$Sprite_ |    000007EB  A$Sprite_
     000007EC  A$Sprite_ |    000007EE  A$Sprite_ |    000007EF  A$Sprite_
     000007F0  A$Sprite_ |    000007F2  A$Sprite_ |    000007F3  A$Sprite_
     000007F4  A$Sprite_ |    000007F5  A$Sprite_ |    000007F7  A$Sprite_
     000007F8  A$Sprite_ |    000007F9  A$Sprite_ |    000007FA  A$Sprite_
     000007FB  A$Sprite_ |    000007FC  A$Sprite_ |    000007FD  A$Sprite_
     000007FE  A$Sprite_ |    000007FF  A$Sprite_ |    00000800  A$Sprite_
     00000801  A$Sprite_ |    00000802  A$Sprite_ |    00000805  A$Sprite_
     00000807  A$Sprite_ |    00000807  C$Sprite_ |    00000809  A$Sprite_
     0000080A  A$Sprite_ |    0000080B  A$Sprite_ |    0000080C  A$Sprite_
     0000080D  A$Sprite_ |    0000080E  A$Sprite_ |    0000080F  A$Sprite_
     00000810  A$Sprite_ |    00000811  A$Sprite_ |    00000814  A$Sprite_
     00000815  A$Sprite_ |    00000816  A$Sprite_ |    00000818  A$Sprite_
     00000819  A$Sprite_ |    0000081A  A$Sprite_ |    0000081B  A$Sprite_
     0000081C  A$Sprite_ |    0000081D  A$Sprite_ |    0000081E  A$Sprite_
     0000081F  A$Sprite_ |    00000821  A$Sprite_ |    00000822  A$Sprite_
     00000823  A$Sprite_ |    00000824  A$Sprite_ |    00000825  A$Sprite_
     00000826  A$Sprite_ |    00000827  A$Sprite_ |    00000828  A$Sprite_
     00000829  A$Sprite_ |    0000082A  A$Sprite_ |    0000082B  A$Sprite_
     0000082C  A$Sprite_ |    0000082E  A$Sprite_ |    0000082F  A$Sprite_
     00000830  A$Sprite_ |    00000832  A$Sprite_ |    00000833  A$Sprite_
     00000834  A$Sprite_ |    00000835  A$Sprite_ |    00000837  A$Sprite_
     00000838  A$Sprite_ |    00000839  A$Sprite_ |    0000083A  A$Sprite_
     0000083B  A$Sprite_ |    0000083C  A$Sprite_ |    0000083D  A$Sprite_
     0000083E  A$Sprite_ |    0000083F  A$Sprite_ |    00000840  A$Sprite_
     00000841  A$Sprite_ |    00000842  A$Sprite_ |    00000845  A$Sprite_
     00000847  A$Sprite_ |    00000847  C$Sprite_ |    00000849  A$Sprite_
     0000084A  A$Sprite_ |    0000084B  A$Sprite_ |    0000084C  A$Sprite_
     0000084D  A$Sprite_ |    0000084E  A$Sprite_ |    0000084F  A$Sprite_
     00000850  A$Sprite_ |    00000851  A$Sprite_ |    00000854  A$Sprite_
     00000855  A$Sprite_ |    00000856  A$Sprite_ |    00000858  A$Sprite_
     00000859  A$Sprite_ |    0000085A  A$Sprite_ |    0000085B  A$Sprite_
     0000085C  A$Sprite_ |    0000085D  A$Sprite_ |    0000085E  A$Sprite_
     0000085F  A$Sprite_ |    00000861  A$Sprite_ |    00000862  A$Sprite_
     00000863  A$Sprite_ |    00000864  A$Sprite_ |    00000865  A$Sprite_
     00000866  A$Sprite_ |    00000867  A$Sprite_ |    00000868  A$Sprite_
     00000869  A$Sprite_ |    0000086A  A$Sprite_ |    0000086B  A$Sprite_
     0000086C  A$Sprite_ |    0000086E  A$Sprite_ |    0000086F  A$Sprite_
     00000870  A$Sprite_ |    00000872  A$Sprite_ |    00000873  A$Sprite_
     00000874  A$Sprite_ |    00000875  A$Sprite_ |    00000877  A$Sprite_
     00000878  A$Sprite_ |    00000879  A$Sprite_ |    0000087A  A$Sprite_
     0000087B  A$Sprite_ |    0000087C  A$Sprite_ |    0000087D  A$Sprite_
     0000087E  A$Sprite_ |    0000087F  A$Sprite_ |    00000880  A$Sprite_
ASxxxx Linker V03.00 + NoICE + sdld,  page 12.
Hexadecimal  [32-Bits]

Area                       Addr        Size        Decimal Bytes (Attributes)
--------------------       ----        ----        ------- ----- ------------
_CODE                  00000200    00000DF0 =        3568. bytes (REL,CON)

        Value  Global            Value  Global            Value  Global    
        -----  ------            -----  ------            -----  ------    
     00000881  A$Sprite_ |    00000882  A$Sprite_ |    00000885  A$Sprite_
     00000887  A$Sprite_ |    00000887  C$Sprite_ |    00000887  XG$init_1
     00000888  A$Sprite_ |    00000888  C$Sprite_ |    00000888  C$Sprite_
     00000888  G$set_spr |    00000888  _set_spri |    0000088A  A$Sprite_
     0000088B  A$Sprite_ |    0000088C  A$Sprite_ |    0000088D  A$Sprite_
     0000088E  A$Sprite_ |    0000088F  A$Sprite_ |    00000890  A$Sprite_
     00000891  A$Sprite_ |    00000892  A$Sprite_ |    00000893  A$Sprite_
     00000893  C$Sprite_ |    00000894  A$Sprite_ |    00000895  A$Sprite_
     00000896  A$Sprite_ |    00000897  A$Sprite_ |    00000898  A$Sprite_
     00000899  A$Sprite_ |    0000089A  A$Sprite_ |    0000089B  A$Sprite_
     0000089B  C$Sprite_ |    0000089B  XG$set_sp |    0000089C  A$Sprite_
     0000089C  C$Sprite_ |    0000089C  C$Sprite_ |    0000089C  G$set_spr
     0000089C  _set_spri |    0000089E  A$Sprite_ |    0000089F  A$Sprite_
     000008A0  A$Sprite_ |    000008A1  A$Sprite_ |    000008A2  A$Sprite_
     000008A3  A$Sprite_ |    000008A4  A$Sprite_ |    000008A5  A$Sprite_
     000008A6  A$Sprite_ |    000008A7  A$Sprite_ |    000008A8  A$Sprite_
     000008A9  A$Sprite_ |    000008A9  C$Sprite_ |    000008A9  XG$set_sp
     000008AA  A$Sprite_ |    000008AA  C$Sprite_ |    000008AA  C$Sprite_
     000008AA  G$set_spr |    000008AA  _set_spri |    000008AC  A$Sprite_
     000008AD  A$Sprite_ |    000008AE  A$Sprite_ |    000008B0  A$Sprite_
     000008B1  A$Sprite_ |    000008B3  A$Sprite_ |    000008B4  A$Sprite_
     000008B5  A$Sprite_ |    000008B6  A$Sprite_ |    000008B7  A$Sprite_
     000008B7  C$Sprite_ |    000008B7  XG$set_sp |    000008B8  A$Sprite_
     000008B8  C$Sprite_ |    000008B8  C$Sprite_ |    000008B8  G$set_spr
     000008B8  _set_spri |    000008BA  A$Sprite_ |    000008BB  A$Sprite_
     000008BC  A$Sprite_ |    000008BE  A$Sprite_ |    000008BF  A$Sprite_
     000008C1  A$Sprite_ |    000008C2  A$Sprite_ |    000008C3  A$Sprite_
     000008C4  A$Sprite_ |    000008C5  A$Sprite_ |    000008C5  C$Sprite_
     000008C5  XG$set_sp |    000008C6  A$Sprite_ |    000008C6  C$Sprite_
     000008C6  G$set_16x |    000008C6  _set_16x1 |    000008C8  A$Sprite_
     000008C8  C$Sprite_ |    000008CA  A$Sprite_ |    000008CB  A$Sprite_
     000008CC  A$Sprite_ |    000008CD  A$Sprite_ |    000008D0  A$Sprite_
     000008D1  A$Sprite_ |    000008D2  A$Sprite_ |    000008D3  A$Sprite_
     000008D5  A$Sprite_ |    000008D6  A$Sprite_ |    000008D7  A$Sprite_
     000008D7  C$Sprite_ |    000008DA  A$Sprite_ |    000008DB  A$Sprite_
     000008DC  A$Sprite_ |    000008DD  A$Sprite_ |    000008DF  A$Sprite_
     000008E0  A$Sprite_ |    000008E1  A$Sprite_ |    000008E1  C$Sprite_
     000008E4  A$Sprite_ |    000008E5  A$Sprite_ |    000008E6  A$Sprite_
     000008E7  A$Sprite_ |    000008E8  A$Sprite_ |    000008E9  A$Sprite_
     000008EA  A$Sprite_ |    000008EB  A$Sprite_ |    000008EC  A$Sprite_
     000008ED  A$Sprite_ |    000008EE  A$Sprite_ |    000008EF  A$Sprite_
     000008F0  A$Sprite_ |    000008F1  A$Sprite_ |    000008F2  A$Sprite_
     000008F3  A$Sprite_ |    000008F4  A$Sprite_ |    000008F6  A$Sprite_
     000008F7  A$Sprite_ |    000008F8  A$Sprite_ |    000008F8  C$Sprite_
     000008FB  A$Sprite_ |    000008FC  A$Sprite_ |    000008FD  A$Sprite_
     000008FE  A$Sprite_ |    00000900  A$Sprite_ |    00000901  A$Sprite_
     00000902  A$Sprite_ |    00000903  A$Sprite_ |    00000905  A$Sprite_
     00000906  A$Sprite_ |    00000907  A$Sprite_ |    00000908  A$Sprite_
     00000909  A$Sprite_ |    0000090A  A$Sprite_ |    0000090B  A$Sprite_
     0000090C  A$Sprite_ |    0000090D  A$Sprite_ |    0000090E  A$Sprite_
     0000090F  A$Sprite_ |    00000910  A$Sprite_ |    00000911  A$Sprite_
ASxxxx Linker V03.00 + NoICE + sdld,  page 13.
Hexadecimal  [32-Bits]

Area                       Addr        Size        Decimal Bytes (Attributes)
--------------------       ----        ----        ------- ----- ------------
_CODE                  00000200    00000DF0 =        3568. bytes (REL,CON)

        Value  Global            Value  Global            Value  Global    
        -----  ------            -----  ------            -----  ------    
     00000912  A$Sprite_ |    00000913  A$Sprite_ |    00000915  A$Sprite_
     00000916  A$Sprite_ |    00000918  A$Sprite_ |    0000091A  A$Sprite_
     0000091B  A$Sprite_ |    0000091C  A$Sprite_ |    0000091C  C$Sprite_
     0000091F  A$Sprite_ |    00000920  A$Sprite_ |    00000921  A$Sprite_
     00000922  A$Sprite_ |    00000924  A$Sprite_ |    00000925  A$Sprite_
     00000926  A$Sprite_ |    00000927  A$Sprite_ |    00000929  A$Sprite_
     0000092A  A$Sprite_ |    0000092B  A$Sprite_ |    0000092C  A$Sprite_
     0000092D  A$Sprite_ |    0000092E  A$Sprite_ |    0000092F  A$Sprite_
     00000930  A$Sprite_ |    00000931  A$Sprite_ |    00000932  A$Sprite_
     00000933  A$Sprite_ |    00000934  A$Sprite_ |    00000935  A$Sprite_
     00000936  A$Sprite_ |    00000937  A$Sprite_ |    00000939  A$Sprite_
     0000093A  A$Sprite_ |    0000093B  A$Sprite_ |    0000093B  C$Sprite_
     0000093E  A$Sprite_ |    0000093F  A$Sprite_ |    00000940  A$Sprite_
     00000941  A$Sprite_ |    00000943  A$Sprite_ |    00000944  A$Sprite_
     00000945  A$Sprite_ |    00000946  A$Sprite_ |    00000948  A$Sprite_
     00000949  A$Sprite_ |    0000094A  A$Sprite_ |    0000094B  A$Sprite_
     0000094C  A$Sprite_ |    0000094D  A$Sprite_ |    0000094E  A$Sprite_
     0000094F  A$Sprite_ |    00000950  A$Sprite_ |    00000951  A$Sprite_
     00000952  A$Sprite_ |    00000953  A$Sprite_ |    00000954  A$Sprite_
     00000956  A$Sprite_ |    00000957  A$Sprite_ |    00000958  A$Sprite_
     00000958  C$Sprite_ |    00000959  A$Sprite_ |    0000095A  A$Sprite_
     0000095B  A$Sprite_ |    0000095C  A$Sprite_ |    0000095D  A$Sprite_
     0000095E  A$Sprite_ |    0000095F  A$Sprite_ |    00000960  A$Sprite_
     00000961  A$Sprite_ |    00000962  A$Sprite_ |    00000963  A$Sprite_
     00000965  A$Sprite_ |    00000966  A$Sprite_ |    00000967  A$Sprite_
     00000967  C$Sprite_ |    00000969  A$Sprite_ |    0000096A  A$Sprite_
     0000096B  A$Sprite_ |    0000096C  A$Sprite_ |    0000096D  A$Sprite_
     0000096E  A$Sprite_ |    0000096F  A$Sprite_ |    00000970  A$Sprite_
     00000971  A$Sprite_ |    00000972  A$Sprite_ |    00000973  A$Sprite_
     00000974  A$Sprite_ |    00000975  A$Sprite_ |    00000977  A$Sprite_
     00000978  A$Sprite_ |    00000979  A$Sprite_ |    00000979  C$Sprite_
     0000097B  A$Sprite_ |    0000097C  A$Sprite_ |    0000097D  A$Sprite_
     0000097E  A$Sprite_ |    0000097F  A$Sprite_ |    00000980  A$Sprite_
     00000981  A$Sprite_ |    00000982  A$Sprite_ |    00000983  A$Sprite_
     00000986  A$Sprite_ |    00000987  A$Sprite_ |    00000988  A$Sprite_
     00000989  A$Sprite_ |    0000098B  A$Sprite_ |    0000098C  A$Sprite_
     0000098E  A$Sprite_ |    0000098F  A$Sprite_ |    00000990  A$Sprite_
     00000990  C$Sprite_ |    00000992  A$Sprite_ |    00000993  A$Sprite_
     00000994  A$Sprite_ |    00000995  A$Sprite_ |    00000996  A$Sprite_
     00000997  A$Sprite_ |    00000998  A$Sprite_ |    00000999  A$Sprite_
     0000099A  A$Sprite_ |    0000099B  A$Sprite_ |    0000099C  A$Sprite_
     0000099D  A$Sprite_ |    0000099E  A$Sprite_ |    0000099F  A$Sprite_
     000009A1  A$Sprite_ |    000009A1  C$Sprite_ |    000009A1  XG$set_16
     000009A2  A$Sprite_ |    000009A2  C$Sprite_ |    000009A2  C$Sprite_
     000009A2  G$set_16x |    000009A2  _set_16x1 |    000009A4  A$Sprite_
     000009A5  A$Sprite_ |    000009A6  A$Sprite_ |    000009A7  A$Sprite_
     000009AA  A$Sprite_ |    000009AB  A$Sprite_ |    000009AC  A$Sprite_
     000009AD  A$Sprite_ |    000009AF  A$Sprite_ |    000009B0  A$Sprite_
     000009B1  A$Sprite_ |    000009B1  C$Sprite_ |    000009B4  A$Sprite_
     000009B5  A$Sprite_ |    000009B6  A$Sprite_ |    000009B7  A$Sprite_
     000009B9  A$Sprite_ |    000009BA  A$Sprite_ |    000009BB  A$Sprite_
ASxxxx Linker V03.00 + NoICE + sdld,  page 14.
Hexadecimal  [32-Bits]

Area                       Addr        Size        Decimal Bytes (Attributes)
--------------------       ----        ----        ------- ----- ------------
_CODE                  00000200    00000DF0 =        3568. bytes (REL,CON)

        Value  Global            Value  Global            Value  Global    
        -----  ------            -----  ------            -----  ------    
     000009BD  A$Sprite_ |    000009BE  A$Sprite_ |    000009C0  A$Sprite_
     000009C1  A$Sprite_ |    000009C2  A$Sprite_ |    000009C2  C$Sprite_
     000009C5  A$Sprite_ |    000009C6  A$Sprite_ |    000009C7  A$Sprite_
     000009C8  A$Sprite_ |    000009CA  A$Sprite_ |    000009CB  A$Sprite_
     000009CC  A$Sprite_ |    000009CE  A$Sprite_ |    000009CF  A$Sprite_
     000009D1  A$Sprite_ |    000009D2  A$Sprite_ |    000009D3  A$Sprite_
     000009D3  C$Sprite_ |    000009D6  A$Sprite_ |    000009D7  A$Sprite_
     000009D8  A$Sprite_ |    000009D9  A$Sprite_ |    000009DB  A$Sprite_
     000009DC  A$Sprite_ |    000009DD  A$Sprite_ |    000009DF  A$Sprite_
     000009E0  A$Sprite_ |    000009E2  A$Sprite_ |    000009E3  A$Sprite_
     000009E4  A$Sprite_ |    000009E4  C$Sprite_ |    000009E7  A$Sprite_
     000009E8  A$Sprite_ |    000009E9  A$Sprite_ |    000009EA  A$Sprite_
     000009EB  A$Sprite_ |    000009EC  A$Sprite_ |    000009ED  A$Sprite_
     000009EE  A$Sprite_ |    000009EF  A$Sprite_ |    000009F0  A$Sprite_
     000009F2  A$Sprite_ |    000009F3  A$Sprite_ |    000009F4  A$Sprite_
     000009F4  C$Sprite_ |    000009F4  XG$set_16 |    000009F5  A$Sprite_
     000009F5  C$Sprite_ |    000009F5  C$Sprite_ |    000009F5  G$set_16x
     000009F5  _set_16x1 |    000009F7  A$Sprite_ |    000009F8  A$Sprite_
     000009F9  A$Sprite_ |    000009FA  A$Sprite_ |    000009FD  A$Sprite_
     000009FE  A$Sprite_ |    000009FF  A$Sprite_ |    00000A00  A$Sprite_
     00000A02  A$Sprite_ |    00000A03  A$Sprite_ |    00000A04  A$Sprite_
     00000A04  C$Sprite_ |    00000A07  A$Sprite_ |    00000A08  A$Sprite_
     00000A09  A$Sprite_ |    00000A0A  A$Sprite_ |    00000A0C  A$Sprite_
     00000A0D  A$Sprite_ |    00000A0E  A$Sprite_ |    00000A10  A$Sprite_
     00000A11  A$Sprite_ |    00000A13  A$Sprite_ |    00000A14  A$Sprite_
     00000A15  A$Sprite_ |    00000A15  C$Sprite_ |    00000A18  A$Sprite_
     00000A19  A$Sprite_ |    00000A1A  A$Sprite_ |    00000A1B  A$Sprite_
     00000A1D  A$Sprite_ |    00000A1E  A$Sprite_ |    00000A1F  A$Sprite_
     00000A21  A$Sprite_ |    00000A22  A$Sprite_ |    00000A24  A$Sprite_
     00000A25  A$Sprite_ |    00000A26  A$Sprite_ |    00000A26  C$Sprite_
     00000A29  A$Sprite_ |    00000A2A  A$Sprite_ |    00000A2B  A$Sprite_
     00000A2C  A$Sprite_ |    00000A2E  A$Sprite_ |    00000A2F  A$Sprite_
     00000A30  A$Sprite_ |    00000A32  A$Sprite_ |    00000A33  A$Sprite_
     00000A35  A$Sprite_ |    00000A36  A$Sprite_ |    00000A37  A$Sprite_
     00000A37  C$Sprite_ |    00000A3A  A$Sprite_ |    00000A3B  A$Sprite_
     00000A3C  A$Sprite_ |    00000A3D  A$Sprite_ |    00000A3F  A$Sprite_
     00000A40  A$Sprite_ |    00000A42  A$Sprite_ |    00000A43  A$Sprite_
     00000A45  A$Sprite_ |    00000A46  A$Sprite_ |    00000A47  A$Sprite_
     00000A47  C$Sprite_ |    00000A47  XG$set_16 |    00000A48  A$Sprite_
     00000A48  C$Sprite_ |    00000A48  C$Sprite_ |    00000A48  G$set_16x
     00000A48  _set_16x1 |    00000A4A  A$Sprite_ |    00000A4B  A$Sprite_
     00000A4C  A$Sprite_ |    00000A4D  A$Sprite_ |    00000A50  A$Sprite_
     00000A51  A$Sprite_ |    00000A52  A$Sprite_ |    00000A53  A$Sprite_
     00000A55  A$Sprite_ |    00000A56  A$Sprite_ |    00000A57  A$Sprite_
     00000A57  C$Sprite_ |    00000A5A  A$Sprite_ |    00000A5B  A$Sprite_
     00000A5C  A$Sprite_ |    00000A5D  A$Sprite_ |    00000A5F  A$Sprite_
     00000A60  A$Sprite_ |    00000A61  A$Sprite_ |    00000A63  A$Sprite_
     00000A64  A$Sprite_ |    00000A66  A$Sprite_ |    00000A67  A$Sprite_
     00000A68  A$Sprite_ |    00000A68  C$Sprite_ |    00000A6B  A$Sprite_
     00000A6C  A$Sprite_ |    00000A6D  A$Sprite_ |    00000A6E  A$Sprite_
     00000A70  A$Sprite_ |    00000A71  A$Sprite_ |    00000A72  A$Sprite_
ASxxxx Linker V03.00 + NoICE + sdld,  page 15.
Hexadecimal  [32-Bits]

Area                       Addr        Size        Decimal Bytes (Attributes)
--------------------       ----        ----        ------- ----- ------------
_CODE                  00000200    00000DF0 =        3568. bytes (REL,CON)

        Value  Global            Value  Global            Value  Global    
        -----  ------            -----  ------            -----  ------    
     00000A74  A$Sprite_ |    00000A75  A$Sprite_ |    00000A77  A$Sprite_
     00000A78  A$Sprite_ |    00000A79  A$Sprite_ |    00000A79  C$Sprite_
     00000A7C  A$Sprite_ |    00000A7D  A$Sprite_ |    00000A7E  A$Sprite_
     00000A7F  A$Sprite_ |    00000A81  A$Sprite_ |    00000A82  A$Sprite_
     00000A83  A$Sprite_ |    00000A85  A$Sprite_ |    00000A86  A$Sprite_
     00000A88  A$Sprite_ |    00000A89  A$Sprite_ |    00000A8A  A$Sprite_
     00000A8A  C$Sprite_ |    00000A8D  A$Sprite_ |    00000A8E  A$Sprite_
     00000A8F  A$Sprite_ |    00000A90  A$Sprite_ |    00000A92  A$Sprite_
     00000A93  A$Sprite_ |    00000A95  A$Sprite_ |    00000A96  A$Sprite_
     00000A98  A$Sprite_ |    00000A99  A$Sprite_ |    00000A9A  A$Sprite_
     00000A9A  C$Sprite_ |    00000A9A  XG$set_16 |    00000A9B  A$Sprite_
     00000A9B  C$Sprite_ |    00000A9B  G$setup_s |    00000A9B  _setup_sp
     00000A9C  A$Sprite_ |    00000A9C  C$Sprite_ |    00000A9E  A$Sprite_
     00000A9F  A$Sprite_ |    00000AA0  A$Sprite_ |    00000AA1  A$Sprite_
     00000AA2  A$Sprite_ |    00000AA3  A$Sprite_ |    00000AA4  A$Sprite_
     00000AA5  A$Sprite_ |    00000AA6  A$Sprite_ |    00000AA8  A$Sprite_
     00000AA9  A$Sprite_ |    00000AAA  A$Sprite_ |    00000AAB  A$Sprite_
     00000AAC  A$Sprite_ |    00000AAD  A$Sprite_ |    00000AAE  A$Sprite_
     00000AAF  A$Sprite_ |    00000AB1  A$Sprite_ |    00000AB2  A$Sprite_
     00000AB3  A$Sprite_ |    00000AB4  A$Sprite_ |    00000AB5  A$Sprite_
     00000AB6  A$Sprite_ |    00000AB8  A$Sprite_ |    00000AB9  A$Sprite_
     00000ABA  A$Sprite_ |    00000ABB  A$Sprite_ |    00000ABC  A$Sprite_
     00000ABD  A$Sprite_ |    00000AC0  A$Sprite_ |    00000AC2  A$Sprite_
     00000AC3  A$Sprite_ |    00000AC4  A$Sprite_ |    00000AC5  A$Sprite_
     00000AC6  A$Sprite_ |    00000AC7  A$Sprite_ |    00000AC9  A$Sprite_
     00000ACA  A$Sprite_ |    00000ACB  A$Sprite_ |    00000ACC  A$Sprite_
     00000ACF  A$Sprite_ |    00000AD0  A$Sprite_ |    00000AD1  A$Sprite_
     00000AD2  A$Sprite_ |    00000AD3  A$Sprite_ |    00000AD4  A$Sprite_
     00000AD7  A$Sprite_ |    00000AD8  A$Sprite_ |    00000AD9  A$Sprite_
     00000ADA  A$Sprite_ |    00000ADB  A$Sprite_ |    00000ADC  A$Sprite_
     00000ADD  A$Sprite_ |    00000ADE  A$Sprite_ |    00000AE1  A$Sprite_
     00000AE2  A$Sprite_ |    00000AE3  A$Sprite_ |    00000AE4  A$Sprite_
     00000AE4  C$Sprite_ |    00000AE5  A$Sprite_ |    00000AE5  C$Sprite_
     00000AE5  XG$setup_ |    00000AE6  A$Sprite_ |    00000AE6  C$Sprite_
     00000AE6  G$setup_1 |    00000AE6  _setup_16 |    00000AE8  A$Sprite_
     00000AE8  C$Sprite_ |    00000AEA  A$Sprite_ |    00000AEB  A$Sprite_
     00000AEC  A$Sprite_ |    00000AED  A$Sprite_ |    00000AEE  A$Sprite_
     00000AEF  A$Sprite_ |    00000AF0  A$Sprite_ |    00000AF1  A$Sprite_
     00000AF2  A$Sprite_ |    00000AF3  A$Sprite_ |    00000AF4  A$Sprite_
     00000AF5  A$Sprite_ |    00000AF6  A$Sprite_ |    00000AF8  A$Sprite_
     00000AF9  A$Sprite_ |    00000AFA  A$Sprite_ |    00000AFB  A$Sprite_
     00000AFC  A$Sprite_ |    00000AFD  A$Sprite_ |    00000B00  A$Sprite_
     00000B02  A$Sprite_ |    00000B05  A$Sprite_ |    00000B06  A$Sprite_
     00000B07  A$Sprite_ |    00000B08  A$Sprite_ |    00000B09  A$Sprite_
     00000B0A  A$Sprite_ |    00000B0B  A$Sprite_ |    00000B0C  A$Sprite_
     00000B0D  A$Sprite_ |    00000B0E  A$Sprite_ |    00000B0F  A$Sprite_
     00000B10  A$Sprite_ |    00000B11  A$Sprite_ |    00000B12  A$Sprite_
     00000B13  A$Sprite_ |    00000B14  A$Sprite_ |    00000B15  A$Sprite_
     00000B16  A$Sprite_ |    00000B17  A$Sprite_ |    00000B19  A$Sprite_
     00000B1A  A$Sprite_ |    00000B1B  A$Sprite_ |    00000B1C  A$Sprite_
     00000B1F  A$Sprite_ |    00000B20  A$Sprite_ |    00000B21  A$Sprite_
ASxxxx Linker V03.00 + NoICE + sdld,  page 16.
Hexadecimal  [32-Bits]

Area                       Addr        Size        Decimal Bytes (Attributes)
--------------------       ----        ----        ------- ----- ------------
_CODE                  00000200    00000DF0 =        3568. bytes (REL,CON)

        Value  Global            Value  Global            Value  Global    
        -----  ------            -----  ------            -----  ------    
     00000B22  A$Sprite_ |    00000B23  A$Sprite_ |    00000B24  A$Sprite_
     00000B27  A$Sprite_ |    00000B28  A$Sprite_ |    00000B29  A$Sprite_
     00000B2A  A$Sprite_ |    00000B2C  A$Sprite_ |    00000B2D  A$Sprite_
     00000B2E  A$Sprite_ |    00000B2F  A$Sprite_ |    00000B31  A$Sprite_
     00000B32  A$Sprite_ |    00000B33  A$Sprite_ |    00000B34  A$Sprite_
     00000B35  A$Sprite_ |    00000B36  A$Sprite_ |    00000B37  A$Sprite_
     00000B38  A$Sprite_ |    00000B39  A$Sprite_ |    00000B3A  A$Sprite_
     00000B3B  A$Sprite_ |    00000B3C  A$Sprite_ |    00000B3D  A$Sprite_
     00000B3E  A$Sprite_ |    00000B3F  A$Sprite_ |    00000B40  A$Sprite_
     00000B41  A$Sprite_ |    00000B43  A$Sprite_ |    00000B44  A$Sprite_
     00000B45  A$Sprite_ |    00000B46  A$Sprite_ |    00000B49  A$Sprite_
     00000B4A  A$Sprite_ |    00000B4B  A$Sprite_ |    00000B4C  A$Sprite_
     00000B4D  A$Sprite_ |    00000B4E  A$Sprite_ |    00000B51  A$Sprite_
     00000B52  A$Sprite_ |    00000B53  A$Sprite_ |    00000B54  A$Sprite_
     00000B56  A$Sprite_ |    00000B57  A$Sprite_ |    00000B58  A$Sprite_
     00000B59  A$Sprite_ |    00000B5B  A$Sprite_ |    00000B5C  A$Sprite_
     00000B5D  A$Sprite_ |    00000B5E  A$Sprite_ |    00000B5F  A$Sprite_
     00000B60  A$Sprite_ |    00000B61  A$Sprite_ |    00000B62  A$Sprite_
     00000B63  A$Sprite_ |    00000B64  A$Sprite_ |    00000B65  A$Sprite_
     00000B66  A$Sprite_ |    00000B67  A$Sprite_ |    00000B68  A$Sprite_
     00000B69  A$Sprite_ |    00000B6A  A$Sprite_ |    00000B6B  A$Sprite_
     00000B6D  A$Sprite_ |    00000B6E  A$Sprite_ |    00000B6F  A$Sprite_
     00000B70  A$Sprite_ |    00000B73  A$Sprite_ |    00000B74  A$Sprite_
     00000B75  A$Sprite_ |    00000B76  A$Sprite_ |    00000B77  A$Sprite_
     00000B78  A$Sprite_ |    00000B7B  A$Sprite_ |    00000B7C  A$Sprite_
     00000B7D  A$Sprite_ |    00000B7E  A$Sprite_ |    00000B80  A$Sprite_
     00000B81  A$Sprite_ |    00000B82  A$Sprite_ |    00000B83  A$Sprite_
     00000B85  A$Sprite_ |    00000B86  A$Sprite_ |    00000B87  A$Sprite_
     00000B88  A$Sprite_ |    00000B89  A$Sprite_ |    00000B8A  A$Sprite_
     00000B8B  A$Sprite_ |    00000B8C  A$Sprite_ |    00000B8D  A$Sprite_
     00000B8E  A$Sprite_ |    00000B8F  A$Sprite_ |    00000B90  A$Sprite_
     00000B91  A$Sprite_ |    00000B92  A$Sprite_ |    00000B93  A$Sprite_
     00000B94  A$Sprite_ |    00000B97  A$Sprite_ |    00000B99  A$Sprite_
     00000B9A  A$Sprite_ |    00000B9B  A$Sprite_ |    00000B9C  A$Sprite_
     00000B9D  A$Sprite_ |    00000B9E  A$Sprite_ |    00000B9F  A$Sprite_
     00000BA0  A$Sprite_ |    00000BA1  A$Sprite_ |    00000BA2  A$Sprite_
     00000BA3  A$Sprite_ |    00000BA4  A$Sprite_ |    00000BA5  A$Sprite_
     00000BA6  A$Sprite_ |    00000BA9  A$Sprite_ |    00000BAA  A$Sprite_
     00000BAB  A$Sprite_ |    00000BAC  A$Sprite_ |    00000BAD  A$Sprite_
     00000BAE  A$Sprite_ |    00000BAF  A$Sprite_ |    00000BB0  A$Sprite_
     00000BB1  A$Sprite_ |    00000BB2  A$Sprite_ |    00000BB3  A$Sprite_
     00000BB5  A$Sprite_ |    00000BB6  A$Sprite_ |    00000BB7  A$Sprite_
     00000BBA  A$Sprite_ |    00000BBB  A$Sprite_ |    00000BBC  A$Sprite_
     00000BBD  A$Sprite_ |    00000BBE  A$Sprite_ |    00000BC0  A$Sprite_
     00000BC1  A$Sprite_ |    00000BC2  A$Sprite_ |    00000BC3  A$Sprite_
     00000BC4  A$Sprite_ |    00000BC5  A$Sprite_ |    00000BC6  A$Sprite_
     00000BC7  A$Sprite_ |    00000BC8  A$Sprite_ |    00000BCB  A$Sprite_
     00000BCC  A$Sprite_ |    00000BCD  A$Sprite_ |    00000BCE  A$Sprite_
     00000BCF  A$Sprite_ |    00000BD0  A$Sprite_ |    00000BD1  A$Sprite_
     00000BD2  A$Sprite_ |    00000BD3  A$Sprite_ |    00000BD4  A$Sprite_
     00000BD5  A$Sprite_ |    00000BD7  A$Sprite_ |    00000BD8  A$Sprite_
ASxxxx Linker V03.00 + NoICE + sdld,  page 17.
Hexadecimal  [32-Bits]

Area                       Addr        Size        Decimal Bytes (Attributes)
--------------------       ----        ----        ------- ----- ------------
_CODE                  00000200    00000DF0 =        3568. bytes (REL,CON)

        Value  Global            Value  Global            Value  Global    
        -----  ------            -----  ------            -----  ------    
     00000BD9  A$Sprite_ |    00000BDC  A$Sprite_ |    00000BDD  A$Sprite_
     00000BDE  A$Sprite_ |    00000BDF  A$Sprite_ |    00000BE0  A$Sprite_
     00000BE2  A$Sprite_ |    00000BE3  A$Sprite_ |    00000BE4  A$Sprite_
     00000BE5  A$Sprite_ |    00000BE6  A$Sprite_ |    00000BE7  A$Sprite_
     00000BE8  A$Sprite_ |    00000BE9  A$Sprite_ |    00000BEA  A$Sprite_
     00000BED  A$Sprite_ |    00000BEE  A$Sprite_ |    00000BEF  A$Sprite_
     00000BF0  A$Sprite_ |    00000BF1  A$Sprite_ |    00000BF2  A$Sprite_
     00000BF3  A$Sprite_ |    00000BF4  A$Sprite_ |    00000BF5  A$Sprite_
     00000BF6  A$Sprite_ |    00000BF7  A$Sprite_ |    00000BF9  A$Sprite_
     00000BFA  A$Sprite_ |    00000BFB  A$Sprite_ |    00000BFE  A$Sprite_
     00000BFF  A$Sprite_ |    00000C00  A$Sprite_ |    00000C01  A$Sprite_
     00000C02  A$Sprite_ |    00000C04  A$Sprite_ |    00000C05  A$Sprite_
     00000C06  A$Sprite_ |    00000C07  A$Sprite_ |    00000C08  A$Sprite_
     00000C09  A$Sprite_ |    00000C0A  A$Sprite_ |    00000C0B  A$Sprite_
     00000C0C  A$Sprite_ |    00000C0F  A$Sprite_ |    00000C10  A$Sprite_
     00000C11  A$Sprite_ |    00000C12  A$Sprite_ |    00000C13  A$Sprite_
     00000C14  A$Sprite_ |    00000C15  A$Sprite_ |    00000C16  A$Sprite_
     00000C17  A$Sprite_ |    00000C18  A$Sprite_ |    00000C19  A$Sprite_
     00000C1B  A$Sprite_ |    00000C1C  A$Sprite_ |    00000C1D  A$Sprite_
     00000C20  A$Sprite_ |    00000C21  A$Sprite_ |    00000C22  A$Sprite_
     00000C23  A$Sprite_ |    00000C24  A$Sprite_ |    00000C24  C$Sprite_
     00000C26  A$Sprite_ |    00000C28  A$Sprite_ |    00000C2A  A$Sprite_
     00000C2A  C$Sprite_ |    00000C2D  A$Sprite_ |    00000C2F  A$Sprite_
     00000C2F  C$Sprite_ |    00000C2F  XG$setup_ |    00000C30  A$Sprite_
     00000C30  C$Sprite_ |    00000C30  G$change_ |    00000C30  _change_s
     00000C32  A$Sprite_ |    00000C34  A$Sprite_ |    00000C35  A$Sprite_
     00000C36  A$Sprite_ |    00000C37  A$Sprite_ |    00000C38  A$Sprite_
     00000C3A  A$Sprite_ |    00000C3B  A$Sprite_ |    00000C3C  A$Sprite_
     00000C3E  A$Sprite_ |    00000C3F  A$Sprite_ |    00000C40  A$Sprite_
     00000C43  A$Sprite_ |    00000C44  A$Sprite_ |    00000C45  A$Sprite_
     00000C46  A$Sprite_ |    00000C47  A$Sprite_ |    00000C49  A$Sprite_
     00000C4A  A$Sprite_ |    00000C4A  C$Sprite_ |    00000C4B  A$Sprite_
     00000C4C  A$Sprite_ |    00000C4D  A$Sprite_ |    00000C4E  A$Sprite_
     00000C50  A$Sprite_ |    00000C51  A$Sprite_ |    00000C53  A$Sprite_
     00000C54  A$Sprite_ |    00000C55  A$Sprite_ |    00000C56  A$Sprite_
     00000C57  A$Sprite_ |    00000C58  A$Sprite_ |    00000C59  A$Sprite_
     00000C5A  A$Sprite_ |    00000C5B  A$Sprite_ |    00000C5C  A$Sprite_
     00000C5D  A$Sprite_ |    00000C5F  A$Sprite_ |    00000C61  A$Sprite_
     00000C63  A$Sprite_ |    00000C65  A$Sprite_ |    00000C66  A$Sprite_
     00000C68  A$Sprite_ |    00000C6A  A$Sprite_ |    00000C6C  A$Sprite_
     00000C6D  A$Sprite_ |    00000C6F  A$Sprite_ |    00000C71  A$Sprite_
     00000C72  A$Sprite_ |    00000C73  A$Sprite_ |    00000C74  A$Sprite_
     00000C77  A$Sprite_ |    00000C78  A$Sprite_ |    00000C7A  A$Sprite_
     00000C7B  A$Sprite_ |    00000C7C  A$Sprite_ |    00000C7D  A$Sprite_
     00000C7E  A$Sprite_ |    00000C7F  A$Sprite_ |    00000C80  A$Sprite_
     00000C80  C$Sprite_ |    00000C82  A$Sprite_ |    00000C84  A$Sprite_
     00000C85  A$Sprite_ |    00000C87  A$Sprite_ |    00000C88  A$Sprite_
     00000C89  A$Sprite_ |    00000C8C  A$Sprite_ |    00000C8D  A$Sprite_
     00000C8E  A$Sprite_ |    00000C8F  A$Sprite_ |    00000C91  A$Sprite_
     00000C91  C$Sprite_ |    00000C93  A$Sprite_ |    00000C93  C$Sprite_
     00000C93  XG$change |    00000C94  A$Sprite_ |    00000C94  C$Sprite_
ASxxxx Linker V03.00 + NoICE + sdld,  page 18.
Hexadecimal  [32-Bits]

Area                       Addr        Size        Decimal Bytes (Attributes)
--------------------       ----        ----        ------- ----- ------------
_CODE                  00000200    00000DF0 =        3568. bytes (REL,CON)

        Value  Global            Value  Global            Value  Global    
        -----  ------            -----  ------            -----  ------    
     00000C94  G$animate |    00000C94  _animate_ |    00000C96  A$Sprite_
     00000C98  A$Sprite_ |    00000C99  A$Sprite_ |    00000C9A  A$Sprite_
     00000C9B  A$Sprite_ |    00000C9E  A$Sprite_ |    00000C9F  A$Sprite_
     00000CA0  A$Sprite_ |    00000CA1  A$Sprite_ |    00000CA2  A$Sprite_
     00000CA4  A$Sprite_ |    00000CA6  A$Sprite_ |    00000CA7  A$Sprite_
     00000CA8  A$Sprite_ |    00000CA9  A$Sprite_ |    00000CAB  A$Sprite_
     00000CAC  A$Sprite_ |    00000CAD  A$Sprite_ |    00000CAE  A$Sprite_
     00000CB0  A$Sprite_ |    00000CB1  A$Sprite_ |    00000CB2  A$Sprite_
     00000CB4  A$Sprite_ |    00000CB5  A$Sprite_ |    00000CB6  A$Sprite_
     00000CB7  A$Sprite_ |    00000CBA  A$Sprite_ |    00000CBB  A$Sprite_
     00000CBC  A$Sprite_ |    00000CBD  A$Sprite_ |    00000CBE  A$Sprite_
     00000CBF  A$Sprite_ |    00000CC1  A$Sprite_ |    00000CC2  A$Sprite_
     00000CC3  A$Sprite_ |    00000CC3  C$Sprite_ |    00000CC4  A$Sprite_
     00000CC7  A$Sprite_ |    00000CC8  A$Sprite_ |    00000CCB  A$Sprite_
     00000CCC  A$Sprite_ |    00000CCD  A$Sprite_ |    00000CCD  C$Sprite_
     00000CCF  A$Sprite_ |    00000CD0  A$Sprite_ |    00000CD2  A$Sprite_
     00000CD4  A$Sprite_ |    00000CD4  C$Sprite_ |    00000CD4  XG$animat
     00000CD5  A$Sprite_ |    00000CD5  C$Sprite_ |    00000CD5  G$transla
     00000CD5  _translat |    00000CD8  A$Sprite_ |    00000CD9  A$Sprite_
     00000CD9  C$Sprite_ |    00000CDB  A$Sprite_ |    00000CDC  A$Sprite_
     00000CDD  A$Sprite_ |    00000CDE  A$Sprite_ |    00000CDE  C$Sprite_
     00000CDF  A$Sprite_ |    00000CE0  A$Sprite_ |    00000CE2  A$Sprite_
     00000CE3  A$Sprite_ |    00000CE5  A$Sprite_ |    00000CE7  A$Sprite_
     00000CE9  A$Sprite_ |    00000CEB  A$Sprite_ |    00000CED  A$Sprite_
     00000CEF  A$Sprite_ |    00000CF1  A$Sprite_ |    00000CF1  C$Sprite_
     00000CF2  A$Sprite_ |    00000CF3  A$Sprite_ |    00000CF6  A$Sprite_
     00000CF8  A$Sprite_ |    00000CF9  A$Sprite_ |    00000CFA  A$Sprite_
     00000CFB  A$Sprite_ |    00000CFC  A$Sprite_ |    00000CFD  A$Sprite_
     00000CFE  A$Sprite_ |    00000CFF  A$Sprite_ |    00000CFF  C$Sprite_
     00000D01  A$Sprite_ |    00000D01  C$Sprite_ |    00000D02  A$Sprite_
     00000D03  A$Sprite_ |    00000D06  A$Sprite_ |    00000D08  A$Sprite_
     00000D09  A$Sprite_ |    00000D0A  A$Sprite_ |    00000D0B  A$Sprite_
     00000D0C  A$Sprite_ |    00000D0D  A$Sprite_ |    00000D0E  A$Sprite_
     00000D0F  A$Sprite_ |    00000D0F  C$Sprite_ |    00000D11  A$Sprite_
     00000D11  C$Sprite_ |    00000D12  A$Sprite_ |    00000D13  A$Sprite_
     00000D16  A$Sprite_ |    00000D18  A$Sprite_ |    00000D19  A$Sprite_
     00000D1A  A$Sprite_ |    00000D1B  A$Sprite_ |    00000D1C  A$Sprite_
     00000D1D  A$Sprite_ |    00000D1E  A$Sprite_ |    00000D1F  A$Sprite_
     00000D20  A$Sprite_ |    00000D20  C$Sprite_ |    00000D22  A$Sprite_
     00000D22  C$Sprite_ |    00000D23  A$Sprite_ |    00000D24  A$Sprite_
     00000D27  A$Sprite_ |    00000D29  A$Sprite_ |    00000D2A  A$Sprite_
     00000D2B  A$Sprite_ |    00000D2C  A$Sprite_ |    00000D2D  A$Sprite_
     00000D2E  A$Sprite_ |    00000D2F  A$Sprite_ |    00000D30  A$Sprite_
     00000D31  A$Sprite_ |    00000D31  C$Sprite_ |    00000D31  C$Sprite_
     00000D34  A$Sprite_ |    00000D35  A$Sprite_ |    00000D38  A$Sprite_
     00000D39  A$Sprite_ |    00000D39  C$Sprite_ |    00000D39  XG$transl
     00000D3A  A$Sprite_ |    00000D3A  C$Sprite_ |    00000D3A  G$transla
     00000D3A  _translat |    00000D3B  A$Sprite_ |    00000D3C  A$Sprite_
     00000D3F  A$Sprite_ |    00000D3F  C$Sprite_ |    00000D41  A$Sprite_
     00000D42  A$Sprite_ |    00000D43  A$Sprite_ |    00000D44  A$Sprite_
     00000D47  A$Sprite_ |    00000D48  A$Sprite_ |    00000D49  A$Sprite_
ASxxxx Linker V03.00 + NoICE + sdld,  page 19.
Hexadecimal  [32-Bits]

Area                       Addr        Size        Decimal Bytes (Attributes)
--------------------       ----        ----        ------- ----- ------------
_CODE                  00000200    00000DF0 =        3568. bytes (REL,CON)

        Value  Global            Value  Global            Value  Global    
        -----  ------            -----  ------            -----  ------    
     00000D4A  A$Sprite_ |    00000D4B  A$Sprite_ |    00000D4B  C$Sprite_
     00000D4C  A$Sprite_ |    00000D4D  A$Sprite_ |    00000D4F  A$Sprite_
     00000D50  A$Sprite_ |    00000D52  A$Sprite_ |    00000D54  A$Sprite_
     00000D56  A$Sprite_ |    00000D59  A$Sprite_ |    00000D5B  A$Sprite_
     00000D5E  A$Sprite_ |    00000D61  A$Sprite_ |    00000D61  C$Sprite_
     00000D62  A$Sprite_ |    00000D63  A$Sprite_ |    00000D64  A$Sprite_
     00000D65  A$Sprite_ |    00000D66  A$Sprite_ |    00000D67  A$Sprite_
     00000D68  A$Sprite_ |    00000D69  A$Sprite_ |    00000D6B  A$Sprite_
     00000D6C  A$Sprite_ |    00000D6D  A$Sprite_ |    00000D70  A$Sprite_
     00000D71  A$Sprite_ |    00000D72  A$Sprite_ |    00000D73  A$Sprite_
     00000D74  A$Sprite_ |    00000D75  A$Sprite_ |    00000D78  A$Sprite_
     00000D79  A$Sprite_ |    00000D7A  A$Sprite_ |    00000D7B  A$Sprite_
     00000D7C  A$Sprite_ |    00000D7D  A$Sprite_ |    00000D7F  A$Sprite_
     00000D80  A$Sprite_ |    00000D81  A$Sprite_ |    00000D84  A$Sprite_
     00000D85  A$Sprite_ |    00000D86  A$Sprite_ |    00000D87  A$Sprite_
     00000D88  A$Sprite_ |    00000D89  A$Sprite_ |    00000D8C  A$Sprite_
     00000D8D  A$Sprite_ |    00000D8E  A$Sprite_ |    00000D8F  A$Sprite_
     00000D90  A$Sprite_ |    00000D91  A$Sprite_ |    00000D93  A$Sprite_
     00000D94  A$Sprite_ |    00000D95  A$Sprite_ |    00000D98  A$Sprite_
     00000D99  A$Sprite_ |    00000D9A  A$Sprite_ |    00000D9B  A$Sprite_
     00000D9C  A$Sprite_ |    00000D9D  A$Sprite_ |    00000DA0  A$Sprite_
     00000DA1  A$Sprite_ |    00000DA2  A$Sprite_ |    00000DA3  A$Sprite_
     00000DA4  A$Sprite_ |    00000DA5  A$Sprite_ |    00000DA6  A$Sprite_
     00000DA8  A$Sprite_ |    00000DA9  A$Sprite_ |    00000DAA  A$Sprite_
     00000DAD  A$Sprite_ |    00000DAE  A$Sprite_ |    00000DAF  A$Sprite_
     00000DB0  A$Sprite_ |    00000DB1  A$Sprite_ |    00000DB2  A$Sprite_
     00000DB2  C$Sprite_ |    00000DB5  A$Sprite_ |    00000DB5  C$Sprite_
     00000DB6  A$Sprite_ |    00000DB7  A$Sprite_ |    00000DB8  A$Sprite_
     00000DB9  A$Sprite_ |    00000DBA  A$Sprite_ |    00000DBB  A$Sprite_
     00000DBC  A$Sprite_ |    00000DBD  A$Sprite_ |    00000DBF  A$Sprite_
     00000DC0  A$Sprite_ |    00000DC1  A$Sprite_ |    00000DC2  A$Sprite_
     00000DC5  A$Sprite_ |    00000DC6  A$Sprite_ |    00000DC7  A$Sprite_
     00000DC8  A$Sprite_ |    00000DC9  A$Sprite_ |    00000DCA  A$Sprite_
     00000DCD  A$Sprite_ |    00000DCE  A$Sprite_ |    00000DCF  A$Sprite_
     00000DD0  A$Sprite_ |    00000DD1  A$Sprite_ |    00000DD2  A$Sprite_
[...]
     00000F14  A$System$ |    00000F16  A$System$ |    00000F18  A$System$
     00000F18  C$System. |    00000F18  XG$cpu_wa |    00000F19  A$System$
     00000F19  C$System. |    00000F19  C$System. |    00000F19  G$render$
     00000F19  _render   |    00000F1B  A$System$ |    00000F1D  A$System$
     00000F1F  A$System$ |    00000F1F  C$System. |    00000F1F  XG$render
     00000F20  A$Player$ |    00000F20  C$Player. |    00000F20  C$Player.
     00000F20  G$create_ |    00000F20  _create_p |    00000F23  A$Player$
     00000F24  A$Player$ |    00000F27  A$Player$ |    00000F28  A$Player$
     00000F29  A$Player$ |    00000F2A  A$Player$ |    00000F2B  A$Player$
     00000F2E  A$Player$ |    00000F30  A$Player$ |    00000F30  C$Player.
     00000F32  A$Player$ |    00000F33  A$Player$ |    00000F34  A$Player$
     00000F37  A$Player$ |    00000F38  A$Player$ |    00000F39  A$Player$
     00000F3A  A$Player$ |    00000F3B  A$Player$ |    00000F3E  A$Player$
     00000F40  A$Player$ |    00000F40  C$Player. |    00000F42  A$Player$
     00000F43  A$Player$ |    00000F44  A$Player$ |    00000F47  A$Player$
     00000F48  A$Player$ |    00000F49  A$Player$ |    00000F4A  A$Player$
     00000F4B  A$Player$ |    00000F4E  A$Player$ |    00000F50  A$Player$
     00000F50  C$Player. |    00000F52  A$Player$ |    00000F53  A$Player$
     00000F54  A$Player$ |    00000F57  A$Player$ |    00000F58  A$Player$
     00000F59  A$Player$ |    00000F5A  A$Player$ |    00000F5B  A$Player$
     00000F5E  A$Player$ |    00000F60  A$Player$ |    00000F60  C$Player.
     00000F63  A$Player$ |    00000F64  A$Player$ |    00000F65  A$Player$
     00000F66  A$Player$ |    00000F67  A$Player$ |    00000F6A  A$Player$
     00000F6B  A$Player$ |    00000F6C  A$Player$ |    00000F6D  A$Player$
     00000F6E  A$Player$ |    00000F71  A$Player$ |    00000F72  A$Player$
     00000F73  A$Player$ |    00000F74  A$Player$ |    00000F75  A$Player$
     00000F78  A$Player$ |    00000F79  A$Player$ |    00000F7A  A$Player$
     00000F7B  A$Player$ |    00000F7C  A$Player$ |    00000F7F  A$Player$
     00000F80  A$Player$ |    00000F81  A$Player$ |    00000F82  A$Player$
     00000F83  A$Player$ |    00000F86  A$Player$ |    00000F87  A$Player$
ASxxxx Linker V03.00 + NoICE + sdld,  page 22.
Hexadecimal  [32-Bits]

Area                       Addr        Size        Decimal Bytes (Attributes)
--------------------       ----        ----        ------- ----- ------------
_CODE                  00000200    00000DF0 =        3568. bytes (REL,CON)

        Value  Global            Value  Global            Value  Global    
        -----  ------            -----  ------            -----  ------    
     00000F88  A$Player$ |    00000F89  A$Player$ |    00000F8A  A$Player$
     00000F8D  A$Player$ |    00000F8F  A$Player$ |    00000F8F  C$Player.
     00000F92  A$Player$ |    00000F93  A$Player$ |    00000F96  A$Player$
     00000F97  A$Player$ |    00000F98  A$Player$ |    00000F99  A$Player$
     00000F9A  A$Player$ |    00000F9D  A$Player$ |    00000F9F  A$Player$
     00000F9F  C$Player. |    00000F9F  XG$create |    00000FA0  A$Player$
     00000FA0  C$Player. |    00000FA0  C$Player. |    00000FA0  G$create_
     00000FA0  _create_p |    00000FA3  A$Player$ |    00000FA4  A$Player$
     00000FA5  A$Player$ |    00000FA6  A$Player$ |    00000FA7  A$Player$
     00000FAA  A$Player$ |    00000FAB  A$Player$ |    00000FAC  A$Player$
     00000FAD  A$Player$ |    00000FAE  A$Player$ |    00000FB1  A$Player$
     00000FB2  A$Player$ |    00000FB3  A$Player$ |    00000FB4  A$Player$
     00000FB5  A$Player$ |    00000FB8  A$Player$ |    00000FB9  A$Player$
     00000FBA  A$Player$ |    00000FBB  A$Player$ |    00000FBC  A$Player$
     00000FBF  A$Player$ |    00000FC0  A$Player$ |    00000FC3  A$Player$
     00000FC4  A$Player$ |    00000FC5  A$Player$ |    00000FC6  A$Player$
     00000FC7  A$Player$ |    00000FCA  A$Player$ |    00000FCB  A$Player$
     00000FCC  A$Player$ |    00000FCD  A$Player$ |    00000FCE  A$Player$
     00000FD1  A$Player$ |    00000FD3  A$Player$ |    00000FD3  C$Player.
     00000FD6  A$Player$ |    00000FD7  A$Player$ |    00000FDA  A$Player$
     00000FDB  A$Player$ |    00000FDC  A$Player$ |    00000FDD  A$Player$
     00000FDE  A$Player$ |    00000FE1  A$Player$ |    00000FE3  A$Player$
     00000FE3  C$Player. |    00000FE3  XG$create |    00000FE4  A$Player$
     00000FE4  C$Player. |    00000FE4  C$Player. |    00000FE4  G$move_pl
     00000FE4  _move_pla |    00000FE7  A$Player$ |    00000FE8  A$Player$
     00000FE9  A$Player$ |    00000FEA  A$Player$ |    00000FEB  A$Player$
     00000FEE  A$Player$ |    00000FEF  A$Player$ |    00000FEF  C$Player.
     00000FEF  XG$move_p
ASxxxx Linker V03.00 + NoICE + sdld,  page 23.
Hexadecimal  [32-Bits]

Area                       Addr        Size        Decimal Bytes (Attributes)
--------------------       ----        ----        ------- ----- ------------
_HEADER0               00000000    00000001 =           1. bytes (ABS,CON)

        Value  Global            Value  Global            Value  Global    
        -----  ------            -----  ------            -----  ------    
     00000020  .call_hl 
ASxxxx Linker V03.00 + NoICE + sdld,  page 24.
Hexadecimal  [32-Bits]

Area                       Addr        Size        Decimal Bytes (Attributes)
--------------------       ----        ----        ------- ----- ------------
_HEADER1               00000000    00000005 =           5. bytes (ABS,CON)

        Value  Global            Value  Global            Value  Global    
        -----  ------            -----  ------            -----  ------    
     00000028  .MemsetSm
ASxxxx Linker V03.00 + NoICE + sdld,  page 25.
Hexadecimal  [32-Bits]

Area                       Addr        Size        Decimal Bytes (Attributes)
--------------------       ----        ----        ------- ----- ------------
_HEADER2               00000000    00000007 =           7. bytes (ABS,CON)

        Value  Global            Value  Global            Value  Global    
        -----  ------            -----  ------            -----  ------    
     00000030  .MemcpySm
ASxxxx Linker V03.00 + NoICE + sdld,  page 26.
Hexadecimal  [32-Bits]

Area                       Addr        Size        Decimal Bytes (Attributes)
--------------------       ----        ----        ------- ----- ------------
_HEADER3               00000000    00000008 =           8. bytes (ABS,CON)

        Value  Global            Value  Global            Value  Global    
        -----  ------            -----  ------            -----  ------    
ASxxxx Linker V03.00 + NoICE + sdld,  page 27.
Hexadecimal  [32-Bits]

Area                       Addr        Size        Decimal Bytes (Attributes)
--------------------       ----        ----        ------- ----- ------------
_HEADER4               00000000    0000004E =          78. bytes (ABS,CON)

        Value  Global            Value  Global            Value  Global    
        -----  ------            -----  ------            -----  ------    
     00000080  .int      |    0000008F  _wait_int |    0000009C  __standar
     000000AC  _refresh_
ASxxxx Linker V03.00 + NoICE + sdld,  page 28.
Hexadecimal  [32-Bits]

Area                       Addr        Size        Decimal Bytes (Attributes)
--------------------       ----        ----        ------- ----- ------------
_HEADER5               00000000    00000002 =           2. bytes (ABS,CON)

        Value  Global            Value  Global            Value  Global    
        -----  ------            -----  ------            -----  ------    
ASxxxx Linker V03.00 + NoICE + sdld,  page 29.
Hexadecimal  [32-Bits]

Area                       Addr        Size        Decimal Bytes (Attributes)
--------------------       ----        ----        ------- ----- ------------
_HEADER6               00000000    00000030 =          48. bytes (ABS,CON)

        Value  Global            Value  Global            Value  Global    
        -----  ------            -----  ------            -----  ------    
ASxxxx Linker V03.00 + NoICE + sdld,  page 30.
Hexadecimal  [32-Bits]

Area                       Addr        Size        Decimal Bytes (Attributes)
--------------------       ----        ----        ------- ----- ------------
_HEADER7               00000000    00000006 =           6. bytes (ABS,CON)

        Value  Global            Value  Global            Value  Global    
        -----  ------            -----  ------            -----  ------    
ASxxxx Linker V03.00 + NoICE + sdld,  page 31.
Hexadecimal  [32-Bits]

Area                       Addr        Size        Decimal Bytes (Attributes)
--------------------       ----        ----        ------- ----- ------------
_HEADER8               00000000    00000003 =           3. bytes (ABS,CON)

        Value  Global            Value  Global            Value  Global    
        -----  ------            -----  ------            -----  ------    
ASxxxx Linker V03.00 + NoICE + sdld,  page 32.
Hexadecimal  [32-Bits]

Area                       Addr        Size        Decimal Bytes (Attributes)
--------------------       ----        ----        ------- ----- ------------
_HEADER9               00000000    00000001 =           1. bytes (ABS,CON)

        Value  Global            Value  Global            Value  Global    
        -----  ------            -----  ------            -----  ------    
ASxxxx Linker V03.00 + NoICE + sdld,  page 33.
Hexadecimal  [32-Bits]

Area                       Addr        Size        Decimal Bytes (Attributes)
--------------------       ----        ----        ------- ----- ------------
_HEADERa               00000000    00000001 =           1. bytes (ABS,CON)

        Value  Global            Value  Global            Value  Global    
        -----  ------            -----  ------            -----  ------    
ASxxxx Linker V03.00 + NoICE + sdld,  page 34.
Hexadecimal  [32-Bits]

Area                       Addr        Size        Decimal Bytes (Attributes)
--------------------       ----        ----        ------- ----- ------------
_HEADERb               00000000    00000001 =           1. bytes (ABS,CON)

        Value  Global            Value  Global            Value  Global    
        -----  ------            -----  ------            -----  ------    
ASxxxx Linker V03.00 + NoICE + sdld,  page 35.
Hexadecimal  [32-Bits]

Area                       Addr        Size        Decimal Bytes (Attributes)
--------------------       ----        ----        ------- ----- ------------
_HEADERc               00000000    00000002 =           2. bytes (ABS,CON)

        Value  Global            Value  Global            Value  Global    
        -----  ------            -----  ------            -----  ------    
ASxxxx Linker V03.00 + NoICE + sdld,  page 36.
Hexadecimal  [32-Bits]

Area                       Addr        Size        Decimal Bytes (Attributes)
--------------------       ----        ----        ------- ----- ------------
_HEADERd               00000000    00000001 =           1. bytes (ABS,CON)

        Value  Global            Value  Global            Value  Global    
        -----  ------            -----  ------            -----  ------    
ASxxxx Linker V03.00 + NoICE + sdld,  page 37.
Hexadecimal  [32-Bits]

Area                       Addr        Size        Decimal Bytes (Attributes)
--------------------       ----        ----        ------- ----- ------------
_HEADERe               00000000    00000001 =           1. bytes (ABS,CON)

        Value  Global            Value  Global            Value  Global    
        -----  ------            -----  ------            -----  ------    
ASxxxx Linker V03.00 + NoICE + sdld,  page 38.
Hexadecimal  [32-Bits]

Area                       Addr        Size        Decimal Bytes (Attributes)
--------------------       ----        ----        ------- ----- ------------
_HEADERf               00000000    00000002 =           2. bytes (ABS,CON)

        Value  Global            Value  Global            Value  Global    
        -----  ------            -----  ------            -----  ------    
ASxxxx Linker V03.00 + NoICE + sdld,  page 39.
Hexadecimal  [32-Bits]

Area                       Addr        Size        Decimal Bytes (Attributes)
--------------------       ----        ----        ------- ----- ------------
_HEADER10              00000000    00000082 =         130. bytes (ABS,CON)

        Value  Global            Value  Global            Value  Global    
        -----  ------            -----  ------            -----  ------    
     00000150  .reset    |    00000150  _reset    |    00000157  .code_sta
     000001B7  _exit     |    000001BB  _set_inte
ASxxxx Linker V03.00 + NoICE + sdld,  page 40.
Hexadecimal  [32-Bits]

Area                       Addr        Size        Decimal Bytes (Attributes)
--------------------       ----        ----        ------- ----- ------------
_HEADER11              00000000    00000001 =           1. bytes (ABS,CON)

        Value  Global            Value  Global            Value  Global    
        -----  ------            -----  ------            -----  ------    
ASxxxx Linker V03.00 + NoICE + sdld,  page 41.
Hexadecimal  [32-Bits]

Area                       Addr        Size        Decimal Bytes (Attributes)
--------------------       ----        ----        ------- ----- ------------
_HOME                  00000FF0    000002C1 =         705. bytes (REL,CON)

        Value  Global            Value  Global            Value  Global    
        -----  ------            -----  ------            -----  ------    
     00000FF0  .memset_s |    00000FF9  .memcpy_s |    00001016  .remove_V
     00001019  .remove_i |    00001036  .add_VBL  |    00001039  .add_int 
     00001044  .wait_vbl |    00001044  _wait_vbl |    00001054  .display_
     00001054  _display_ |    0000106C  _remove_V |    00001077  _add_VBL 
     00001082  __divsuch |    0000108F  __modsuch |    00001099  __divusch
     000010AB  __modusch |    000010BB  __divscha |    000010C7  __modscha
     000010D1  __divsint |    000010E2  __modsint |    000010F1  __divucha
     000010FD  __moducha |    00001107  __divuint |    00001118  __moduint
     00001127  .div8     |    00001127  .mod8     |    0000112F  .div16   
     0000112F  .mod16    |    00001165  .divu8    |    00001165  .modu8   
     00001168  .divu16   |    00001168  .modu16   |    000011A9  _set_tile
     000011AE  _set_bkg_ |    000011AE  _set_win_ |    000011B6  _set_spri
     000011E6  __mulsuch |    000011F0  __mulusch |    000011FA  __mulscha
     0000120C  __mulucha |    00001218  __mulint  |    0000123E  .padup   
     0000123E  _waitpadu |    0000124E  .jpad     |    0000124E  _joypad  
     00001276  _waitpad  |    00001279  .wait_pad |    00001280  _delay   
     00001285  .delay   
ASxxxx Linker V03.00 + NoICE + sdld,  page 42.
Hexadecimal  [32-Bits]

Area                       Addr        Size        Decimal Bytes (Attributes)
--------------------       ----        ----        ------- ----- ------------
_INITIALIZER           000012B1    0000004A =          74. bytes (REL,CON)

        Value  Global            Value  Global            Value  Global    
        -----  ------            -----  ------            -----  ------    
     000012B1  FPlayer$_ |    000012B3  FPlayer$_ |    000012B5  FPlayer$_
     000012B7  FPlayer$_ |    000012B9  FPlayer$_ |    000012BB  FPlayer$_
ASxxxx Linker V03.00 + NoICE + sdld,  page 43.
Hexadecimal  [32-Bits]

Area                       Addr        Size        Decimal Bytes (Attributes)
--------------------       ----        ----        ------- ----- ------------
_GSINIT                000012FB    0000000C =          12. bytes (REL,CON)

        Value  Global            Value  Global            Value  Global    
        -----  ------            -----  ------            -----  ------    
     000012FB  gsinit   
ASxxxx Linker V03.00 + NoICE + sdld,  page 44.
Hexadecimal  [32-Bits]

Area                       Addr        Size        Decimal Bytes (Attributes)
--------------------       ----        ----        ------- ----- ------------
_GSFINAL               00001307    00000001 =           1. bytes (REL,CON)

        Value  Global            Value  Global            Value  Global    
        -----  ------            -----  ------            -----  ------    
ASxxxx Linker V03.00 + NoICE + sdld,  page 45.
Hexadecimal  [32-Bits]

Area                       Addr        Size        Decimal Bytes (Attributes)
--------------------       ----        ----        ------- ----- ------------
_DATA                  0000C0A0    0000004A =          74. bytes (REL,CON)

        Value  Global            Value  Global            Value  Global    
        -----  ------            -----  ------            -----  ------    
     0000C0A0  __cpu     |    0000C0A1  __is_GBA  |    0000C0A2  .mode    
     0000C0A3  .sys_time |    0000C0A3  _sys_time |    0000C0A5  .int_0x40
     0000C0B9  G$player_ |    0000C0B9  _player_s |    0000C0C1  G$player_
     0000C0C1  _player_s |    0000C0C9  G$player_ |    0000C0C9  _player_s
     0000C0D1  G$player_ |    0000C0D1  _player_s |    0000C0D9  G$player_
     0000C0D9  _player_s
ASxxxx Linker V03.00 + NoICE + sdld,  page 46.
Hexadecimal  [32-Bits]

Area                       Addr        Size        Decimal Bytes (Attributes)
--------------------       ----        ----        ------- ----- ------------
_INITIALIZED           0000C0EA    0000004A =          74. bytes (REL,CON)

        Value  Global            Value  Global            Value  Global    
        -----  ------            -----  ------            -----  ------    
     0000C0EA  G$p_playe |    0000C0EA  _p_player |    0000C0EC  G$p_playe
     0000C0EC  _p_player |    0000C0EE  G$p_playe |    0000C0EE  _p_player
     0000C0F0  G$p_playe |    0000C0F0  _p_player |    0000C0F2  G$p_playe
     0000C0F2  _p_player |    0000C0F4  G$PhasmoP |    0000C0F4  _PhasmoPl
ASxxxx Linker V03.00 + NoICE + sdld,  page 47.
Hexadecimal  [32-Bits]

Area                       Addr        Size        Decimal Bytes (Attributes)
--------------------       ----        ----        ------- ----- ------------
_HRAM12                00000000    00000003 =           3. bytes (ABS,CON)

        Value  Global            Value  Global            Value  Global    
        -----  ------            -----  ------            -----  ------    
     0000FF90  __current |    0000FF92  __shadow_
ASxxxx Linker V03.00 + NoICE + sdld,  page 48.

Files Linked                              [ module(s) ]

C:\gbdk\lib/small/asxxxx/gb/crt0.o        [ Runtime ]
build/buildfiles/Clean_Up_Crew.o          [ Clean_Up_Crew ]
build/buildfiles/engine/Map_Engine.o      [ Map_Engine ]
build/buildfiles/engine/Sound.o           [ Sound ]
build/buildfiles/engine/Sprite_Engine.o   [ Sprite_Engine ]
build/buildfiles/engine/System.o          [ System ]
build/buildfiles/gameplay/Maps/Haunted_House.o
                                          [ Haunted_House ]
build/buildfiles/gameplay/Maps/Main_Menu.o
                                          [ Main_Menu ]
build/buildfiles/gameplay/Players/Player.o
                                          [ Player ]


Libraries Linked                          [ object file ]

C:\gbdk\lib/small/asxxxx/gbz80/gbz80.lib  [ div.o ]
C:\gbdk\lib/small/asxxxx/gb/gb.lib        [ sfr.o ]
C:\gbdk\lib/small/asxxxx/gb/gb.lib        [ set_data.o ]
C:\gbdk\lib/small/asxxxx/gbz80/gbz80.lib  [ mul.o ]
C:\gbdk\lib/small/asxxxx/gb/gb.lib        [ pad.o ]
C:\gbdk\lib/small/asxxxx/gb/gb.lib        [ delay.o ]

ASxxxx Linker V03.00 + NoICE + sdld,  page 49.

User Base Address Definitions

_DATA=0xC0A0
_CODE=0x0200
ASxxxx Linker V03.00 + NoICE + sdld,  page 50.

User Global Definitions

_shadow_OAM=0xC000
.STACK=0xE000
.refresh_OAM=0xFF80

